14:46:31 **** Incremental Build of configuration Debug for project TinyUSB_AUC2.0 ****
make -j20 all 
arm-none-eabi-gcc "../Core/Src/main.c" -mcpu=cortex-m4 -std=gnu11 -g3 -DDEBUG -DUSE_HAL_DRIVER -DSTM32F407xx -c -I../Core/Inc -I../Drivers/STM32F4xx_HAL_Driver/Inc -I../Drivers/STM32F4xx_HAL_Driver/Inc/Legacy -I../Drivers/CMSIS/Device/ST/STM32F4xx/Include -I../Drivers/CMSIS/Include -I../Middlewares/Third_Party/FreeRTOS/Source/include -I../Middlewares/Third_Party/FreeRTOS/Source/CMSIS_RTOS -I../Middlewares/Third_Party/FreeRTOS/Source/portable/GCC/ARM_CM4F -I"C:/Users/miche/Documents/Repositories/Afstudeerproject/STM32F407/TinyUSB_CDC_Example/STM32F407_tinyUSB-main/Middlewares/Third_Party/tinyusb-0.15.0/src" -I"C:/Users/miche/Documents/Repositories/Afstudeerproject/STM32F407/TinyUSB_CDC_Example/STM32F407_tinyUSB-main/Middlewares/Third_Party/tinyusb-0.15.0/hw" -I"C:/Users/miche/Documents/Repositories/Afstudeerproject/STM32F407/TinyUSB_CDC_Example/STM32F407_tinyUSB-main/Middlewares/Third_Party/tinyusb-0.15.0/hw/bsp/stm32f4/boards/stm32f407disco" -O0 -ffunction-sections -fdata-sections -Wall -fstack-usage -fcyclomatic-complexity -MMD -MP -MF"Core/Src/main.d" -MT"Core/Src/main.o" --specs=nano.specs -mfpu=fpv4-sp-d16 -mfloat-abi=hard -mthumb -o "Core/Src/main.o"
../Core/Src/main.c: In function 'tud_audio_set_itf_close_EP_cb':
../Core/Src/main.c:392:17: warning: unused variable 'alt' [-Wunused-variable]
  392 |   uint8_t const alt = tu_u16_low(tu_le16toh(p_request->wValue));
      |                 ^~~
../Core/Src/main.c:391:17: warning: unused variable 'itf' [-Wunused-variable]
  391 |   uint8_t const itf = tu_u16_low(tu_le16toh(p_request->wIndex));
      |                 ^~~
../Core/Src/main.c: In function 'tud_audio_set_itf_cb':
../Core/Src/main.c:403:17: warning: unused variable 'itf' [-Wunused-variable]
  403 |   uint8_t const itf = tu_u16_low(tu_le16toh(p_request->wIndex));
      |                 ^~~
In file included from ../Core/Src/main.c:21:
../Core/Src/main.c: In function 'main':
../Middlewares/Third_Party/FreeRTOS/Source/CMSIS_RTOS/cmsis_os.h:415:21: warning: unused variable 'os_thread_def_defaultTask' [-Wunused-variable]
  415 | const osThreadDef_t os_thread_def_##name = \
      |                     ^~~~~~~~~~~~~~
../Core/Src/main.c:617:3: note: in expansion of macro 'osThreadDef'
  617 |   osThreadDef(defaultTask, StartDefaultTask, osPriorityNormal, 0, 128);
      |   ^~~~~~~~~~~
arm-none-eabi-gcc -o "TinyUSB_AUC2.0.elf" @"objects.list"   -mcpu=cortex-m4 -T"C:\Users\miche\Documents\Repositories\Afstudeerproject\STM32F407\TinyUSB_AUC2.0\STM32F407VGTX_FLASH.ld" --specs=nosys.specs -Wl,-Map="TinyUSB_AUC2.0.map" -Wl,--gc-sections -static --specs=nano.specs -mfpu=fpv4-sp-d16 -mfloat-abi=hard -mthumb -Wl,--start-group -lc -lm -Wl,--end-group
C:/ST/STM32CubeIDE_1.18.0/STM32CubeIDE/plugins/com.st.stm32cube.ide.mcu.externaltools.gnu-tools-for-stm32.13.3.rel1.win32_1.0.0.202411081344/tools/bin/../lib/gcc/arm-none-eabi/13.3.1/../../../../arm-none-eabi/bin/ld.exe: warning: TinyUSB_AUC2.0.elf has a LOAD segment with RWX permissions
Finished building target: TinyUSB_AUC2.0.elf
 
arm-none-eabi-size  TinyUSB_AUC2.0.elf 
arm-none-eabi-objdump -h -S TinyUSB_AUC2.0.elf  > "TinyUSB_AUC2.0.list"
   text	   data	    bss	    dec	    hex	filename
  47784	    220	  40980	  88984	  15b98	TinyUSB_AUC2.0.elf
Finished building: default.size.stdout
 
Finished building: TinyUSB_AUC2.0.list
 
14:46:36 **** Incremental Build of configuration Debug for project TinyUSB_AUC2.0 ****
make -j20 all 
arm-none-eabi-size  TinyUSB_AUC2.0.elf 
   text	   data	    bss	    dec	    hex	filename
  47784	    220	  40980	  88984	  15b98	TinyUSB_AUC2.0.elf
Finished building: default.size.stdout
 
