13:24:49 **** Build of configuration Debug for project STM32F407_tinyUSB ****
make -j20 all 
arm-none-eabi-gcc "../Middlewares/Third_Party/tinyusb-0.15.0/src/portable/st/synopsys/dcd_synopsys.c" -mcpu=cortex-m4 -std=gnu11 -g3 -DDEBUG -DUSE_HAL_DRIVER -DSTM32F407xx -c -I../Core/Inc -I../Drivers/STM32F4xx_HAL_Driver/Inc -I../Drivers/STM32F4xx_HAL_Driver/Inc/Legacy -I../Drivers/CMSIS/Device/ST/STM32F4xx/Include -I../Drivers/CMSIS/Include -I../Middlewares/Third_Party/FreeRTOS/Source/include -I../Middlewares/Third_Party/FreeRTOS/Source/CMSIS_RTOS -I../Middlewares/Third_Party/FreeRTOS/Source/portable/GCC/ARM_CM4F -I"C:/Users/miche/Documents/Repositories/Afstudeerproject/STM32F407/TinyUSB_CDC_Example/STM32F407_tinyUSB-main/Middlewares/Third_Party/tinyusb-0.15.0/src" -I"C:/Users/miche/Documents/Repositories/Afstudeerproject/STM32F407/TinyUSB_CDC_Example/STM32F407_tinyUSB-main/Middlewares/Third_Party/tinyusb-0.15.0/hw" -I"C:/Users/miche/Documents/Repositories/Afstudeerproject/STM32F407/TinyUSB_CDC_Example/STM32F407_tinyUSB-main/Middlewares/Third_Party/tinyusb-0.15.0/hw/bsp/stm32f4/boards/stm32f407disco" -O0 -ffunction-sections -fdata-sections -Wall -fstack-usage -fcyclomatic-complexity -MMD -MP -MF"Middlewares/Third_Party/tinyusb-0.15.0/src/portable/st/synopsys/dcd_synopsys.d" -MT"Middlewares/Third_Party/tinyusb-0.15.0/src/portable/st/synopsys/dcd_synopsys.o" --specs=nano.specs -mfpu=fpv4-sp-d16 -mfloat-abi=hard -mthumb -o "Middlewares/Third_Party/tinyusb-0.15.0/src/portable/st/synopsys/dcd_synopsys.o"
arm-none-eabi-gcc "../Middlewares/Third_Party/tinyusb-0.15.0/src/portable/st/stm32_fsdev/dcd_stm32_fsdev.c" -mcpu=cortex-m4 -std=gnu11 -g3 -DDEBUG -DUSE_HAL_DRIVER -DSTM32F407xx -c -I../Core/Inc -I../Drivers/STM32F4xx_HAL_Driver/Inc -I../Drivers/STM32F4xx_HAL_Driver/Inc/Legacy -I../Drivers/CMSIS/Device/ST/STM32F4xx/Include -I../Drivers/CMSIS/Include -I../Middlewares/Third_Party/FreeRTOS/Source/include -I../Middlewares/Third_Party/FreeRTOS/Source/CMSIS_RTOS -I../Middlewares/Third_Party/FreeRTOS/Source/portable/GCC/ARM_CM4F -I"C:/Users/miche/Documents/Repositories/Afstudeerproject/STM32F407/TinyUSB_CDC_Example/STM32F407_tinyUSB-main/Middlewares/Third_Party/tinyusb-0.15.0/src" -I"C:/Users/miche/Documents/Repositories/Afstudeerproject/STM32F407/TinyUSB_CDC_Example/STM32F407_tinyUSB-main/Middlewares/Third_Party/tinyusb-0.15.0/hw" -I"C:/Users/miche/Documents/Repositories/Afstudeerproject/STM32F407/TinyUSB_CDC_Example/STM32F407_tinyUSB-main/Middlewares/Third_Party/tinyusb-0.15.0/hw/bsp/stm32f4/boards/stm32f407disco" -O0 -ffunction-sections -fdata-sections -Wall -fstack-usage -fcyclomatic-complexity -MMD -MP -MF"Middlewares/Third_Party/tinyusb-0.15.0/src/portable/st/stm32_fsdev/dcd_stm32_fsdev.d" -MT"Middlewares/Third_Party/tinyusb-0.15.0/src/portable/st/stm32_fsdev/dcd_stm32_fsdev.o" --specs=nano.specs -mfpu=fpv4-sp-d16 -mfloat-abi=hard -mthumb -o "Middlewares/Third_Party/tinyusb-0.15.0/src/portable/st/stm32_fsdev/dcd_stm32_fsdev.o"
arm-none-eabi-gcc "../Middlewares/Third_Party/tinyusb-0.15.0/src/host/hub.c" -mcpu=cortex-m4 -std=gnu11 -g3 -DDEBUG -DUSE_HAL_DRIVER -DSTM32F407xx -c -I../Core/Inc -I../Drivers/STM32F4xx_HAL_Driver/Inc -I../Drivers/STM32F4xx_HAL_Driver/Inc/Legacy -I../Drivers/CMSIS/Device/ST/STM32F4xx/Include -I../Drivers/CMSIS/Include -I../Middlewares/Third_Party/FreeRTOS/Source/include -I../Middlewares/Third_Party/FreeRTOS/Source/CMSIS_RTOS -I../Middlewares/Third_Party/FreeRTOS/Source/portable/GCC/ARM_CM4F -I"C:/Users/miche/Documents/Repositories/Afstudeerproject/STM32F407/TinyUSB_CDC_Example/STM32F407_tinyUSB-main/Middlewares/Third_Party/tinyusb-0.15.0/src" -I"C:/Users/miche/Documents/Repositories/Afstudeerproject/STM32F407/TinyUSB_CDC_Example/STM32F407_tinyUSB-main/Middlewares/Third_Party/tinyusb-0.15.0/hw" -I"C:/Users/miche/Documents/Repositories/Afstudeerproject/STM32F407/TinyUSB_CDC_Example/STM32F407_tinyUSB-main/Middlewares/Third_Party/tinyusb-0.15.0/hw/bsp/stm32f4/boards/stm32f407disco" -O0 -ffunction-sections -fdata-sections -Wall -fstack-usage -fcyclomatic-complexity -MMD -MP -MF"Middlewares/Third_Party/tinyusb-0.15.0/src/host/hub.d" -MT"Middlewares/Third_Party/tinyusb-0.15.0/src/host/hub.o" --specs=nano.specs -mfpu=fpv4-sp-d16 -mfloat-abi=hard -mthumb -o "Middlewares/Third_Party/tinyusb-0.15.0/src/host/hub.o"
arm-none-eabi-gcc "../Middlewares/Third_Party/tinyusb-0.15.0/src/host/usbh.c" -mcpu=cortex-m4 -std=gnu11 -g3 -DDEBUG -DUSE_HAL_DRIVER -DSTM32F407xx -c -I../Core/Inc -I../Drivers/STM32F4xx_HAL_Driver/Inc -I../Drivers/STM32F4xx_HAL_Driver/Inc/Legacy -I../Drivers/CMSIS/Device/ST/STM32F4xx/Include -I../Drivers/CMSIS/Include -I../Middlewares/Third_Party/FreeRTOS/Source/include -I../Middlewares/Third_Party/FreeRTOS/Source/CMSIS_RTOS -I../Middlewares/Third_Party/FreeRTOS/Source/portable/GCC/ARM_CM4F -I"C:/Users/miche/Documents/Repositories/Afstudeerproject/STM32F407/TinyUSB_CDC_Example/STM32F407_tinyUSB-main/Middlewares/Third_Party/tinyusb-0.15.0/src" -I"C:/Users/miche/Documents/Repositories/Afstudeerproject/STM32F407/TinyUSB_CDC_Example/STM32F407_tinyUSB-main/Middlewares/Third_Party/tinyusb-0.15.0/hw" -I"C:/Users/miche/Documents/Repositories/Afstudeerproject/STM32F407/TinyUSB_CDC_Example/STM32F407_tinyUSB-main/Middlewares/Third_Party/tinyusb-0.15.0/hw/bsp/stm32f4/boards/stm32f407disco" -O0 -ffunction-sections -fdata-sections -Wall -fstack-usage -fcyclomatic-complexity -MMD -MP -MF"Middlewares/Third_Party/tinyusb-0.15.0/src/host/usbh.d" -MT"Middlewares/Third_Party/tinyusb-0.15.0/src/host/usbh.o" --specs=nano.specs -mfpu=fpv4-sp-d16 -mfloat-abi=hard -mthumb -o "Middlewares/Third_Party/tinyusb-0.15.0/src/host/usbh.o"
arm-none-eabi-gcc "../Middlewares/Third_Party/tinyusb-0.15.0/src/device/usbd.c" -mcpu=cortex-m4 -std=gnu11 -g3 -DDEBUG -DUSE_HAL_DRIVER -DSTM32F407xx -c -I../Core/Inc -I../Drivers/STM32F4xx_HAL_Driver/Inc -I../Drivers/STM32F4xx_HAL_Driver/Inc/Legacy -I../Drivers/CMSIS/Device/ST/STM32F4xx/Include -I../Drivers/CMSIS/Include -I../Middlewares/Third_Party/FreeRTOS/Source/include -I../Middlewares/Third_Party/FreeRTOS/Source/CMSIS_RTOS -I../Middlewares/Third_Party/FreeRTOS/Source/portable/GCC/ARM_CM4F -I"C:/Users/miche/Documents/Repositories/Afstudeerproject/STM32F407/TinyUSB_CDC_Example/STM32F407_tinyUSB-main/Middlewares/Third_Party/tinyusb-0.15.0/src" -I"C:/Users/miche/Documents/Repositories/Afstudeerproject/STM32F407/TinyUSB_CDC_Example/STM32F407_tinyUSB-main/Middlewares/Third_Party/tinyusb-0.15.0/hw" -I"C:/Users/miche/Documents/Repositories/Afstudeerproject/STM32F407/TinyUSB_CDC_Example/STM32F407_tinyUSB-main/Middlewares/Third_Party/tinyusb-0.15.0/hw/bsp/stm32f4/boards/stm32f407disco" -O0 -ffunction-sections -fdata-sections -Wall -fstack-usage -fcyclomatic-complexity -MMD -MP -MF"Middlewares/Third_Party/tinyusb-0.15.0/src/device/usbd.d" -MT"Middlewares/Third_Party/tinyusb-0.15.0/src/device/usbd.o" --specs=nano.specs -mfpu=fpv4-sp-d16 -mfloat-abi=hard -mthumb -o "Middlewares/Third_Party/tinyusb-0.15.0/src/device/usbd.o"
arm-none-eabi-gcc "../Middlewares/Third_Party/tinyusb-0.15.0/src/device/usbd_control.c" -mcpu=cortex-m4 -std=gnu11 -g3 -DDEBUG -DUSE_HAL_DRIVER -DSTM32F407xx -c -I../Core/Inc -I../Drivers/STM32F4xx_HAL_Driver/Inc -I../Drivers/STM32F4xx_HAL_Driver/Inc/Legacy -I../Drivers/CMSIS/Device/ST/STM32F4xx/Include -I../Drivers/CMSIS/Include -I../Middlewares/Third_Party/FreeRTOS/Source/include -I../Middlewares/Third_Party/FreeRTOS/Source/CMSIS_RTOS -I../Middlewares/Third_Party/FreeRTOS/Source/portable/GCC/ARM_CM4F -I"C:/Users/miche/Documents/Repositories/Afstudeerproject/STM32F407/TinyUSB_CDC_Example/STM32F407_tinyUSB-main/Middlewares/Third_Party/tinyusb-0.15.0/src" -I"C:/Users/miche/Documents/Repositories/Afstudeerproject/STM32F407/TinyUSB_CDC_Example/STM32F407_tinyUSB-main/Middlewares/Third_Party/tinyusb-0.15.0/hw" -I"C:/Users/miche/Documents/Repositories/Afstudeerproject/STM32F407/TinyUSB_CDC_Example/STM32F407_tinyUSB-main/Middlewares/Third_Party/tinyusb-0.15.0/hw/bsp/stm32f4/boards/stm32f407disco" -O0 -ffunction-sections -fdata-sections -Wall -fstack-usage -fcyclomatic-complexity -MMD -MP -MF"Middlewares/Third_Party/tinyusb-0.15.0/src/device/usbd_control.d" -MT"Middlewares/Third_Party/tinyusb-0.15.0/src/device/usbd_control.o" --specs=nano.specs -mfpu=fpv4-sp-d16 -mfloat-abi=hard -mthumb -o "Middlewares/Third_Party/tinyusb-0.15.0/src/device/usbd_control.o"
arm-none-eabi-gcc "../Middlewares/Third_Party/tinyusb-0.15.0/src/common/tusb_fifo.c" -mcpu=cortex-m4 -std=gnu11 -g3 -DDEBUG -DUSE_HAL_DRIVER -DSTM32F407xx -c -I../Core/Inc -I../Drivers/STM32F4xx_HAL_Driver/Inc -I../Drivers/STM32F4xx_HAL_Driver/Inc/Legacy -I../Drivers/CMSIS/Device/ST/STM32F4xx/Include -I../Drivers/CMSIS/Include -I../Middlewares/Third_Party/FreeRTOS/Source/include -I../Middlewares/Third_Party/FreeRTOS/Source/CMSIS_RTOS -I../Middlewares/Third_Party/FreeRTOS/Source/portable/GCC/ARM_CM4F -I"C:/Users/miche/Documents/Repositories/Afstudeerproject/STM32F407/TinyUSB_CDC_Example/STM32F407_tinyUSB-main/Middlewares/Third_Party/tinyusb-0.15.0/src" -I"C:/Users/miche/Documents/Repositories/Afstudeerproject/STM32F407/TinyUSB_CDC_Example/STM32F407_tinyUSB-main/Middlewares/Third_Party/tinyusb-0.15.0/hw" -I"C:/Users/miche/Documents/Repositories/Afstudeerproject/STM32F407/TinyUSB_CDC_Example/STM32F407_tinyUSB-main/Middlewares/Third_Party/tinyusb-0.15.0/hw/bsp/stm32f4/boards/stm32f407disco" -O0 -ffunction-sections -fdata-sections -Wall -fstack-usage -fcyclomatic-complexity -MMD -MP -MF"Middlewares/Third_Party/tinyusb-0.15.0/src/common/tusb_fifo.d" -MT"Middlewares/Third_Party/tinyusb-0.15.0/src/common/tusb_fifo.o" --specs=nano.specs -mfpu=fpv4-sp-d16 -mfloat-abi=hard -mthumb -o "Middlewares/Third_Party/tinyusb-0.15.0/src/common/tusb_fifo.o"
arm-none-eabi-gcc "../Middlewares/Third_Party/tinyusb-0.15.0/src/class/video/video_device.c" -mcpu=cortex-m4 -std=gnu11 -g3 -DDEBUG -DUSE_HAL_DRIVER -DSTM32F407xx -c -I../Core/Inc -I../Drivers/STM32F4xx_HAL_Driver/Inc -I../Drivers/STM32F4xx_HAL_Driver/Inc/Legacy -I../Drivers/CMSIS/Device/ST/STM32F4xx/Include -I../Drivers/CMSIS/Include -I../Middlewares/Third_Party/FreeRTOS/Source/include -I../Middlewares/Third_Party/FreeRTOS/Source/CMSIS_RTOS -I../Middlewares/Third_Party/FreeRTOS/Source/portable/GCC/ARM_CM4F -I"C:/Users/miche/Documents/Repositories/Afstudeerproject/STM32F407/TinyUSB_CDC_Example/STM32F407_tinyUSB-main/Middlewares/Third_Party/tinyusb-0.15.0/src" -I"C:/Users/miche/Documents/Repositories/Afstudeerproject/STM32F407/TinyUSB_CDC_Example/STM32F407_tinyUSB-main/Middlewares/Third_Party/tinyusb-0.15.0/hw" -I"C:/Users/miche/Documents/Repositories/Afstudeerproject/STM32F407/TinyUSB_CDC_Example/STM32F407_tinyUSB-main/Middlewares/Third_Party/tinyusb-0.15.0/hw/bsp/stm32f4/boards/stm32f407disco" -O0 -ffunction-sections -fdata-sections -Wall -fstack-usage -fcyclomatic-complexity -MMD -MP -MF"Middlewares/Third_Party/tinyusb-0.15.0/src/class/video/video_device.d" -MT"Middlewares/Third_Party/tinyusb-0.15.0/src/class/video/video_device.o" --specs=nano.specs -mfpu=fpv4-sp-d16 -mfloat-abi=hard -mthumb -o "Middlewares/Third_Party/tinyusb-0.15.0/src/class/video/video_device.o"
arm-none-eabi-gcc "../Middlewares/Third_Party/tinyusb-0.15.0/src/class/vendor/vendor_device.c" -mcpu=cortex-m4 -std=gnu11 -g3 -DDEBUG -DUSE_HAL_DRIVER -DSTM32F407xx -c -I../Core/Inc -I../Drivers/STM32F4xx_HAL_Driver/Inc -I../Drivers/STM32F4xx_HAL_Driver/Inc/Legacy -I../Drivers/CMSIS/Device/ST/STM32F4xx/Include -I../Drivers/CMSIS/Include -I../Middlewares/Third_Party/FreeRTOS/Source/include -I../Middlewares/Third_Party/FreeRTOS/Source/CMSIS_RTOS -I../Middlewares/Third_Party/FreeRTOS/Source/portable/GCC/ARM_CM4F -I"C:/Users/miche/Documents/Repositories/Afstudeerproject/STM32F407/TinyUSB_CDC_Example/STM32F407_tinyUSB-main/Middlewares/Third_Party/tinyusb-0.15.0/src" -I"C:/Users/miche/Documents/Repositories/Afstudeerproject/STM32F407/TinyUSB_CDC_Example/STM32F407_tinyUSB-main/Middlewares/Third_Party/tinyusb-0.15.0/hw" -I"C:/Users/miche/Documents/Repositories/Afstudeerproject/STM32F407/TinyUSB_CDC_Example/STM32F407_tinyUSB-main/Middlewares/Third_Party/tinyusb-0.15.0/hw/bsp/stm32f4/boards/stm32f407disco" -O0 -ffunction-sections -fdata-sections -Wall -fstack-usage -fcyclomatic-complexity -MMD -MP -MF"Middlewares/Third_Party/tinyusb-0.15.0/src/class/vendor/vendor_device.d" -MT"Middlewares/Third_Party/tinyusb-0.15.0/src/class/vendor/vendor_device.o" --specs=nano.specs -mfpu=fpv4-sp-d16 -mfloat-abi=hard -mthumb -o "Middlewares/Third_Party/tinyusb-0.15.0/src/class/vendor/vendor_device.o"
arm-none-eabi-gcc "../Middlewares/Third_Party/tinyusb-0.15.0/src/class/vendor/vendor_host.c" -mcpu=cortex-m4 -std=gnu11 -g3 -DDEBUG -DUSE_HAL_DRIVER -DSTM32F407xx -c -I../Core/Inc -I../Drivers/STM32F4xx_HAL_Driver/Inc -I../Drivers/STM32F4xx_HAL_Driver/Inc/Legacy -I../Drivers/CMSIS/Device/ST/STM32F4xx/Include -I../Drivers/CMSIS/Include -I../Middlewares/Third_Party/FreeRTOS/Source/include -I../Middlewares/Third_Party/FreeRTOS/Source/CMSIS_RTOS -I../Middlewares/Third_Party/FreeRTOS/Source/portable/GCC/ARM_CM4F -I"C:/Users/miche/Documents/Repositories/Afstudeerproject/STM32F407/TinyUSB_CDC_Example/STM32F407_tinyUSB-main/Middlewares/Third_Party/tinyusb-0.15.0/src" -I"C:/Users/miche/Documents/Repositories/Afstudeerproject/STM32F407/TinyUSB_CDC_Example/STM32F407_tinyUSB-main/Middlewares/Third_Party/tinyusb-0.15.0/hw" -I"C:/Users/miche/Documents/Repositories/Afstudeerproject/STM32F407/TinyUSB_CDC_Example/STM32F407_tinyUSB-main/Middlewares/Third_Party/tinyusb-0.15.0/hw/bsp/stm32f4/boards/stm32f407disco" -O0 -ffunction-sections -fdata-sections -Wall -fstack-usage -fcyclomatic-complexity -MMD -MP -MF"Middlewares/Third_Party/tinyusb-0.15.0/src/class/vendor/vendor_host.d" -MT"Middlewares/Third_Party/tinyusb-0.15.0/src/class/vendor/vendor_host.o" --specs=nano.specs -mfpu=fpv4-sp-d16 -mfloat-abi=hard -mthumb -o "Middlewares/Third_Party/tinyusb-0.15.0/src/class/vendor/vendor_host.o"
arm-none-eabi-gcc "../Middlewares/Third_Party/tinyusb-0.15.0/src/class/usbtmc/usbtmc_device.c" -mcpu=cortex-m4 -std=gnu11 -g3 -DDEBUG -DUSE_HAL_DRIVER -DSTM32F407xx -c -I../Core/Inc -I../Drivers/STM32F4xx_HAL_Driver/Inc -I../Drivers/STM32F4xx_HAL_Driver/Inc/Legacy -I../Drivers/CMSIS/Device/ST/STM32F4xx/Include -I../Drivers/CMSIS/Include -I../Middlewares/Third_Party/FreeRTOS/Source/include -I../Middlewares/Third_Party/FreeRTOS/Source/CMSIS_RTOS -I../Middlewares/Third_Party/FreeRTOS/Source/portable/GCC/ARM_CM4F -I"C:/Users/miche/Documents/Repositories/Afstudeerproject/STM32F407/TinyUSB_CDC_Example/STM32F407_tinyUSB-main/Middlewares/Third_Party/tinyusb-0.15.0/src" -I"C:/Users/miche/Documents/Repositories/Afstudeerproject/STM32F407/TinyUSB_CDC_Example/STM32F407_tinyUSB-main/Middlewares/Third_Party/tinyusb-0.15.0/hw" -I"C:/Users/miche/Documents/Repositories/Afstudeerproject/STM32F407/TinyUSB_CDC_Example/STM32F407_tinyUSB-main/Middlewares/Third_Party/tinyusb-0.15.0/hw/bsp/stm32f4/boards/stm32f407disco" -O0 -ffunction-sections -fdata-sections -Wall -fstack-usage -fcyclomatic-complexity -MMD -MP -MF"Middlewares/Third_Party/tinyusb-0.15.0/src/class/usbtmc/usbtmc_device.d" -MT"Middlewares/Third_Party/tinyusb-0.15.0/src/class/usbtmc/usbtmc_device.o" --specs=nano.specs -mfpu=fpv4-sp-d16 -mfloat-abi=hard -mthumb -o "Middlewares/Third_Party/tinyusb-0.15.0/src/class/usbtmc/usbtmc_device.o"
arm-none-eabi-gcc "../Middlewares/Third_Party/tinyusb-0.15.0/src/class/net/ecm_rndis_device.c" -mcpu=cortex-m4 -std=gnu11 -g3 -DDEBUG -DUSE_HAL_DRIVER -DSTM32F407xx -c -I../Core/Inc -I../Drivers/STM32F4xx_HAL_Driver/Inc -I../Drivers/STM32F4xx_HAL_Driver/Inc/Legacy -I../Drivers/CMSIS/Device/ST/STM32F4xx/Include -I../Drivers/CMSIS/Include -I../Middlewares/Third_Party/FreeRTOS/Source/include -I../Middlewares/Third_Party/FreeRTOS/Source/CMSIS_RTOS -I../Middlewares/Third_Party/FreeRTOS/Source/portable/GCC/ARM_CM4F -I"C:/Users/miche/Documents/Repositories/Afstudeerproject/STM32F407/TinyUSB_CDC_Example/STM32F407_tinyUSB-main/Middlewares/Third_Party/tinyusb-0.15.0/src" -I"C:/Users/miche/Documents/Repositories/Afstudeerproject/STM32F407/TinyUSB_CDC_Example/STM32F407_tinyUSB-main/Middlewares/Third_Party/tinyusb-0.15.0/hw" -I"C:/Users/miche/Documents/Repositories/Afstudeerproject/STM32F407/TinyUSB_CDC_Example/STM32F407_tinyUSB-main/Middlewares/Third_Party/tinyusb-0.15.0/hw/bsp/stm32f4/boards/stm32f407disco" -O0 -ffunction-sections -fdata-sections -Wall -fstack-usage -fcyclomatic-complexity -MMD -MP -MF"Middlewares/Third_Party/tinyusb-0.15.0/src/class/net/ecm_rndis_device.d" -MT"Middlewares/Third_Party/tinyusb-0.15.0/src/class/net/ecm_rndis_device.o" --specs=nano.specs -mfpu=fpv4-sp-d16 -mfloat-abi=hard -mthumb -o "Middlewares/Third_Party/tinyusb-0.15.0/src/class/net/ecm_rndis_device.o"
arm-none-eabi-gcc "../Middlewares/Third_Party/tinyusb-0.15.0/src/class/net/ncm_device.c" -mcpu=cortex-m4 -std=gnu11 -g3 -DDEBUG -DUSE_HAL_DRIVER -DSTM32F407xx -c -I../Core/Inc -I../Drivers/STM32F4xx_HAL_Driver/Inc -I../Drivers/STM32F4xx_HAL_Driver/Inc/Legacy -I../Drivers/CMSIS/Device/ST/STM32F4xx/Include -I../Drivers/CMSIS/Include -I../Middlewares/Third_Party/FreeRTOS/Source/include -I../Middlewares/Third_Party/FreeRTOS/Source/CMSIS_RTOS -I../Middlewares/Third_Party/FreeRTOS/Source/portable/GCC/ARM_CM4F -I"C:/Users/miche/Documents/Repositories/Afstudeerproject/STM32F407/TinyUSB_CDC_Example/STM32F407_tinyUSB-main/Middlewares/Third_Party/tinyusb-0.15.0/src" -I"C:/Users/miche/Documents/Repositories/Afstudeerproject/STM32F407/TinyUSB_CDC_Example/STM32F407_tinyUSB-main/Middlewares/Third_Party/tinyusb-0.15.0/hw" -I"C:/Users/miche/Documents/Repositories/Afstudeerproject/STM32F407/TinyUSB_CDC_Example/STM32F407_tinyUSB-main/Middlewares/Third_Party/tinyusb-0.15.0/hw/bsp/stm32f4/boards/stm32f407disco" -O0 -ffunction-sections -fdata-sections -Wall -fstack-usage -fcyclomatic-complexity -MMD -MP -MF"Middlewares/Third_Party/tinyusb-0.15.0/src/class/net/ncm_device.d" -MT"Middlewares/Third_Party/tinyusb-0.15.0/src/class/net/ncm_device.o" --specs=nano.specs -mfpu=fpv4-sp-d16 -mfloat-abi=hard -mthumb -o "Middlewares/Third_Party/tinyusb-0.15.0/src/class/net/ncm_device.o"
arm-none-eabi-gcc "../Middlewares/Third_Party/tinyusb-0.15.0/src/class/msc/msc_device.c" -mcpu=cortex-m4 -std=gnu11 -g3 -DDEBUG -DUSE_HAL_DRIVER -DSTM32F407xx -c -I../Core/Inc -I../Drivers/STM32F4xx_HAL_Driver/Inc -I../Drivers/STM32F4xx_HAL_Driver/Inc/Legacy -I../Drivers/CMSIS/Device/ST/STM32F4xx/Include -I../Drivers/CMSIS/Include -I../Middlewares/Third_Party/FreeRTOS/Source/include -I../Middlewares/Third_Party/FreeRTOS/Source/CMSIS_RTOS -I../Middlewares/Third_Party/FreeRTOS/Source/portable/GCC/ARM_CM4F -I"C:/Users/miche/Documents/Repositories/Afstudeerproject/STM32F407/TinyUSB_CDC_Example/STM32F407_tinyUSB-main/Middlewares/Third_Party/tinyusb-0.15.0/src" -I"C:/Users/miche/Documents/Repositories/Afstudeerproject/STM32F407/TinyUSB_CDC_Example/STM32F407_tinyUSB-main/Middlewares/Third_Party/tinyusb-0.15.0/hw" -I"C:/Users/miche/Documents/Repositories/Afstudeerproject/STM32F407/TinyUSB_CDC_Example/STM32F407_tinyUSB-main/Middlewares/Third_Party/tinyusb-0.15.0/hw/bsp/stm32f4/boards/stm32f407disco" -O0 -ffunction-sections -fdata-sections -Wall -fstack-usage -fcyclomatic-complexity -MMD -MP -MF"Middlewares/Third_Party/tinyusb-0.15.0/src/class/msc/msc_device.d" -MT"Middlewares/Third_Party/tinyusb-0.15.0/src/class/msc/msc_device.o" --specs=nano.specs -mfpu=fpv4-sp-d16 -mfloat-abi=hard -mthumb -o "Middlewares/Third_Party/tinyusb-0.15.0/src/class/msc/msc_device.o"
arm-none-eabi-gcc "../Middlewares/Third_Party/tinyusb-0.15.0/src/class/msc/msc_host.c" -mcpu=cortex-m4 -std=gnu11 -g3 -DDEBUG -DUSE_HAL_DRIVER -DSTM32F407xx -c -I../Core/Inc -I../Drivers/STM32F4xx_HAL_Driver/Inc -I../Drivers/STM32F4xx_HAL_Driver/Inc/Legacy -I../Drivers/CMSIS/Device/ST/STM32F4xx/Include -I../Drivers/CMSIS/Include -I../Middlewares/Third_Party/FreeRTOS/Source/include -I../Middlewares/Third_Party/FreeRTOS/Source/CMSIS_RTOS -I../Middlewares/Third_Party/FreeRTOS/Source/portable/GCC/ARM_CM4F -I"C:/Users/miche/Documents/Repositories/Afstudeerproject/STM32F407/TinyUSB_CDC_Example/STM32F407_tinyUSB-main/Middlewares/Third_Party/tinyusb-0.15.0/src" -I"C:/Users/miche/Documents/Repositories/Afstudeerproject/STM32F407/TinyUSB_CDC_Example/STM32F407_tinyUSB-main/Middlewares/Third_Party/tinyusb-0.15.0/hw" -I"C:/Users/miche/Documents/Repositories/Afstudeerproject/STM32F407/TinyUSB_CDC_Example/STM32F407_tinyUSB-main/Middlewares/Third_Party/tinyusb-0.15.0/hw/bsp/stm32f4/boards/stm32f407disco" -O0 -ffunction-sections -fdata-sections -Wall -fstack-usage -fcyclomatic-complexity -MMD -MP -MF"Middlewares/Third_Party/tinyusb-0.15.0/src/class/msc/msc_host.d" -MT"Middlewares/Third_Party/tinyusb-0.15.0/src/class/msc/msc_host.o" --specs=nano.specs -mfpu=fpv4-sp-d16 -mfloat-abi=hard -mthumb -o "Middlewares/Third_Party/tinyusb-0.15.0/src/class/msc/msc_host.o"
arm-none-eabi-gcc "../Middlewares/Third_Party/tinyusb-0.15.0/src/class/midi/midi_device.c" -mcpu=cortex-m4 -std=gnu11 -g3 -DDEBUG -DUSE_HAL_DRIVER -DSTM32F407xx -c -I../Core/Inc -I../Drivers/STM32F4xx_HAL_Driver/Inc -I../Drivers/STM32F4xx_HAL_Driver/Inc/Legacy -I../Drivers/CMSIS/Device/ST/STM32F4xx/Include -I../Drivers/CMSIS/Include -I../Middlewares/Third_Party/FreeRTOS/Source/include -I../Middlewares/Third_Party/FreeRTOS/Source/CMSIS_RTOS -I../Middlewares/Third_Party/FreeRTOS/Source/portable/GCC/ARM_CM4F -I"C:/Users/miche/Documents/Repositories/Afstudeerproject/STM32F407/TinyUSB_CDC_Example/STM32F407_tinyUSB-main/Middlewares/Third_Party/tinyusb-0.15.0/src" -I"C:/Users/miche/Documents/Repositories/Afstudeerproject/STM32F407/TinyUSB_CDC_Example/STM32F407_tinyUSB-main/Middlewares/Third_Party/tinyusb-0.15.0/hw" -I"C:/Users/miche/Documents/Repositories/Afstudeerproject/STM32F407/TinyUSB_CDC_Example/STM32F407_tinyUSB-main/Middlewares/Third_Party/tinyusb-0.15.0/hw/bsp/stm32f4/boards/stm32f407disco" -O0 -ffunction-sections -fdata-sections -Wall -fstack-usage -fcyclomatic-complexity -MMD -MP -MF"Middlewares/Third_Party/tinyusb-0.15.0/src/class/midi/midi_device.d" -MT"Middlewares/Third_Party/tinyusb-0.15.0/src/class/midi/midi_device.o" --specs=nano.specs -mfpu=fpv4-sp-d16 -mfloat-abi=hard -mthumb -o "Middlewares/Third_Party/tinyusb-0.15.0/src/class/midi/midi_device.o"
arm-none-eabi-gcc "../Middlewares/Third_Party/tinyusb-0.15.0/src/class/hid/hid_device.c" -mcpu=cortex-m4 -std=gnu11 -g3 -DDEBUG -DUSE_HAL_DRIVER -DSTM32F407xx -c -I../Core/Inc -I../Drivers/STM32F4xx_HAL_Driver/Inc -I../Drivers/STM32F4xx_HAL_Driver/Inc/Legacy -I../Drivers/CMSIS/Device/ST/STM32F4xx/Include -I../Drivers/CMSIS/Include -I../Middlewares/Third_Party/FreeRTOS/Source/include -I../Middlewares/Third_Party/FreeRTOS/Source/CMSIS_RTOS -I../Middlewares/Third_Party/FreeRTOS/Source/portable/GCC/ARM_CM4F -I"C:/Users/miche/Documents/Repositories/Afstudeerproject/STM32F407/TinyUSB_CDC_Example/STM32F407_tinyUSB-main/Middlewares/Third_Party/tinyusb-0.15.0/src" -I"C:/Users/miche/Documents/Repositories/Afstudeerproject/STM32F407/TinyUSB_CDC_Example/STM32F407_tinyUSB-main/Middlewares/Third_Party/tinyusb-0.15.0/hw" -I"C:/Users/miche/Documents/Repositories/Afstudeerproject/STM32F407/TinyUSB_CDC_Example/STM32F407_tinyUSB-main/Middlewares/Third_Party/tinyusb-0.15.0/hw/bsp/stm32f4/boards/stm32f407disco" -O0 -ffunction-sections -fdata-sections -Wall -fstack-usage -fcyclomatic-complexity -MMD -MP -MF"Middlewares/Third_Party/tinyusb-0.15.0/src/class/hid/hid_device.d" -MT"Middlewares/Third_Party/tinyusb-0.15.0/src/class/hid/hid_device.o" --specs=nano.specs -mfpu=fpv4-sp-d16 -mfloat-abi=hard -mthumb -o "Middlewares/Third_Party/tinyusb-0.15.0/src/class/hid/hid_device.o"
arm-none-eabi-gcc "../Middlewares/Third_Party/tinyusb-0.15.0/src/class/hid/hid_host.c" -mcpu=cortex-m4 -std=gnu11 -g3 -DDEBUG -DUSE_HAL_DRIVER -DSTM32F407xx -c -I../Core/Inc -I../Drivers/STM32F4xx_HAL_Driver/Inc -I../Drivers/STM32F4xx_HAL_Driver/Inc/Legacy -I../Drivers/CMSIS/Device/ST/STM32F4xx/Include -I../Drivers/CMSIS/Include -I../Middlewares/Third_Party/FreeRTOS/Source/include -I../Middlewares/Third_Party/FreeRTOS/Source/CMSIS_RTOS -I../Middlewares/Third_Party/FreeRTOS/Source/portable/GCC/ARM_CM4F -I"C:/Users/miche/Documents/Repositories/Afstudeerproject/STM32F407/TinyUSB_CDC_Example/STM32F407_tinyUSB-main/Middlewares/Third_Party/tinyusb-0.15.0/src" -I"C:/Users/miche/Documents/Repositories/Afstudeerproject/STM32F407/TinyUSB_CDC_Example/STM32F407_tinyUSB-main/Middlewares/Third_Party/tinyusb-0.15.0/hw" -I"C:/Users/miche/Documents/Repositories/Afstudeerproject/STM32F407/TinyUSB_CDC_Example/STM32F407_tinyUSB-main/Middlewares/Third_Party/tinyusb-0.15.0/hw/bsp/stm32f4/boards/stm32f407disco" -O0 -ffunction-sections -fdata-sections -Wall -fstack-usage -fcyclomatic-complexity -MMD -MP -MF"Middlewares/Third_Party/tinyusb-0.15.0/src/class/hid/hid_host.d" -MT"Middlewares/Third_Party/tinyusb-0.15.0/src/class/hid/hid_host.o" --specs=nano.specs -mfpu=fpv4-sp-d16 -mfloat-abi=hard -mthumb -o "Middlewares/Third_Party/tinyusb-0.15.0/src/class/hid/hid_host.o"
arm-none-eabi-gcc "../Middlewares/Third_Party/tinyusb-0.15.0/src/class/dfu/dfu_device.c" -mcpu=cortex-m4 -std=gnu11 -g3 -DDEBUG -DUSE_HAL_DRIVER -DSTM32F407xx -c -I../Core/Inc -I../Drivers/STM32F4xx_HAL_Driver/Inc -I../Drivers/STM32F4xx_HAL_Driver/Inc/Legacy -I../Drivers/CMSIS/Device/ST/STM32F4xx/Include -I../Drivers/CMSIS/Include -I../Middlewares/Third_Party/FreeRTOS/Source/include -I../Middlewares/Third_Party/FreeRTOS/Source/CMSIS_RTOS -I../Middlewares/Third_Party/FreeRTOS/Source/portable/GCC/ARM_CM4F -I"C:/Users/miche/Documents/Repositories/Afstudeerproject/STM32F407/TinyUSB_CDC_Example/STM32F407_tinyUSB-main/Middlewares/Third_Party/tinyusb-0.15.0/src" -I"C:/Users/miche/Documents/Repositories/Afstudeerproject/STM32F407/TinyUSB_CDC_Example/STM32F407_tinyUSB-main/Middlewares/Third_Party/tinyusb-0.15.0/hw" -I"C:/Users/miche/Documents/Repositories/Afstudeerproject/STM32F407/TinyUSB_CDC_Example/STM32F407_tinyUSB-main/Middlewares/Third_Party/tinyusb-0.15.0/hw/bsp/stm32f4/boards/stm32f407disco" -O0 -ffunction-sections -fdata-sections -Wall -fstack-usage -fcyclomatic-complexity -MMD -MP -MF"Middlewares/Third_Party/tinyusb-0.15.0/src/class/dfu/dfu_device.d" -MT"Middlewares/Third_Party/tinyusb-0.15.0/src/class/dfu/dfu_device.o" --specs=nano.specs -mfpu=fpv4-sp-d16 -mfloat-abi=hard -mthumb -o "Middlewares/Third_Party/tinyusb-0.15.0/src/class/dfu/dfu_device.o"
arm-none-eabi-gcc "../Middlewares/Third_Party/tinyusb-0.15.0/src/class/dfu/dfu_rt_device.c" -mcpu=cortex-m4 -std=gnu11 -g3 -DDEBUG -DUSE_HAL_DRIVER -DSTM32F407xx -c -I../Core/Inc -I../Drivers/STM32F4xx_HAL_Driver/Inc -I../Drivers/STM32F4xx_HAL_Driver/Inc/Legacy -I../Drivers/CMSIS/Device/ST/STM32F4xx/Include -I../Drivers/CMSIS/Include -I../Middlewares/Third_Party/FreeRTOS/Source/include -I../Middlewares/Third_Party/FreeRTOS/Source/CMSIS_RTOS -I../Middlewares/Third_Party/FreeRTOS/Source/portable/GCC/ARM_CM4F -I"C:/Users/miche/Documents/Repositories/Afstudeerproject/STM32F407/TinyUSB_CDC_Example/STM32F407_tinyUSB-main/Middlewares/Third_Party/tinyusb-0.15.0/src" -I"C:/Users/miche/Documents/Repositories/Afstudeerproject/STM32F407/TinyUSB_CDC_Example/STM32F407_tinyUSB-main/Middlewares/Third_Party/tinyusb-0.15.0/hw" -I"C:/Users/miche/Documents/Repositories/Afstudeerproject/STM32F407/TinyUSB_CDC_Example/STM32F407_tinyUSB-main/Middlewares/Third_Party/tinyusb-0.15.0/hw/bsp/stm32f4/boards/stm32f407disco" -O0 -ffunction-sections -fdata-sections -Wall -fstack-usage -fcyclomatic-complexity -MMD -MP -MF"Middlewares/Third_Party/tinyusb-0.15.0/src/class/dfu/dfu_rt_device.d" -MT"Middlewares/Third_Party/tinyusb-0.15.0/src/class/dfu/dfu_rt_device.o" --specs=nano.specs -mfpu=fpv4-sp-d16 -mfloat-abi=hard -mthumb -o "Middlewares/Third_Party/tinyusb-0.15.0/src/class/dfu/dfu_rt_device.o"
arm-none-eabi-gcc "../Middlewares/Third_Party/tinyusb-0.15.0/src/class/cdc/cdc_device.c" -mcpu=cortex-m4 -std=gnu11 -g3 -DDEBUG -DUSE_HAL_DRIVER -DSTM32F407xx -c -I../Core/Inc -I../Drivers/STM32F4xx_HAL_Driver/Inc -I../Drivers/STM32F4xx_HAL_Driver/Inc/Legacy -I../Drivers/CMSIS/Device/ST/STM32F4xx/Include -I../Drivers/CMSIS/Include -I../Middlewares/Third_Party/FreeRTOS/Source/include -I../Middlewares/Third_Party/FreeRTOS/Source/CMSIS_RTOS -I../Middlewares/Third_Party/FreeRTOS/Source/portable/GCC/ARM_CM4F -I"C:/Users/miche/Documents/Repositories/Afstudeerproject/STM32F407/TinyUSB_CDC_Example/STM32F407_tinyUSB-main/Middlewares/Third_Party/tinyusb-0.15.0/src" -I"C:/Users/miche/Documents/Repositories/Afstudeerproject/STM32F407/TinyUSB_CDC_Example/STM32F407_tinyUSB-main/Middlewares/Third_Party/tinyusb-0.15.0/hw" -I"C:/Users/miche/Documents/Repositories/Afstudeerproject/STM32F407/TinyUSB_CDC_Example/STM32F407_tinyUSB-main/Middlewares/Third_Party/tinyusb-0.15.0/hw/bsp/stm32f4/boards/stm32f407disco" -O0 -ffunction-sections -fdata-sections -Wall -fstack-usage -fcyclomatic-complexity -MMD -MP -MF"Middlewares/Third_Party/tinyusb-0.15.0/src/class/cdc/cdc_device.d" -MT"Middlewares/Third_Party/tinyusb-0.15.0/src/class/cdc/cdc_device.o" --specs=nano.specs -mfpu=fpv4-sp-d16 -mfloat-abi=hard -mthumb -o "Middlewares/Third_Party/tinyusb-0.15.0/src/class/cdc/cdc_device.o"
arm-none-eabi-gcc "../Middlewares/Third_Party/tinyusb-0.15.0/src/class/cdc/cdc_host.c" -mcpu=cortex-m4 -std=gnu11 -g3 -DDEBUG -DUSE_HAL_DRIVER -DSTM32F407xx -c -I../Core/Inc -I../Drivers/STM32F4xx_HAL_Driver/Inc -I../Drivers/STM32F4xx_HAL_Driver/Inc/Legacy -I../Drivers/CMSIS/Device/ST/STM32F4xx/Include -I../Drivers/CMSIS/Include -I../Middlewares/Third_Party/FreeRTOS/Source/include -I../Middlewares/Third_Party/FreeRTOS/Source/CMSIS_RTOS -I../Middlewares/Third_Party/FreeRTOS/Source/portable/GCC/ARM_CM4F -I"C:/Users/miche/Documents/Repositories/Afstudeerproject/STM32F407/TinyUSB_CDC_Example/STM32F407_tinyUSB-main/Middlewares/Third_Party/tinyusb-0.15.0/src" -I"C:/Users/miche/Documents/Repositories/Afstudeerproject/STM32F407/TinyUSB_CDC_Example/STM32F407_tinyUSB-main/Middlewares/Third_Party/tinyusb-0.15.0/hw" -I"C:/Users/miche/Documents/Repositories/Afstudeerproject/STM32F407/TinyUSB_CDC_Example/STM32F407_tinyUSB-main/Middlewares/Third_Party/tinyusb-0.15.0/hw/bsp/stm32f4/boards/stm32f407disco" -O0 -ffunction-sections -fdata-sections -Wall -fstack-usage -fcyclomatic-complexity -MMD -MP -MF"Middlewares/Third_Party/tinyusb-0.15.0/src/class/cdc/cdc_host.d" -MT"Middlewares/Third_Party/tinyusb-0.15.0/src/class/cdc/cdc_host.o" --specs=nano.specs -mfpu=fpv4-sp-d16 -mfloat-abi=hard -mthumb -o "Middlewares/Third_Party/tinyusb-0.15.0/src/class/cdc/cdc_host.o"
arm-none-eabi-gcc "../Middlewares/Third_Party/tinyusb-0.15.0/src/class/cdc/cdc_rndis_host.c" -mcpu=cortex-m4 -std=gnu11 -g3 -DDEBUG -DUSE_HAL_DRIVER -DSTM32F407xx -c -I../Core/Inc -I../Drivers/STM32F4xx_HAL_Driver/Inc -I../Drivers/STM32F4xx_HAL_Driver/Inc/Legacy -I../Drivers/CMSIS/Device/ST/STM32F4xx/Include -I../Drivers/CMSIS/Include -I../Middlewares/Third_Party/FreeRTOS/Source/include -I../Middlewares/Third_Party/FreeRTOS/Source/CMSIS_RTOS -I../Middlewares/Third_Party/FreeRTOS/Source/portable/GCC/ARM_CM4F -I"C:/Users/miche/Documents/Repositories/Afstudeerproject/STM32F407/TinyUSB_CDC_Example/STM32F407_tinyUSB-main/Middlewares/Third_Party/tinyusb-0.15.0/src" -I"C:/Users/miche/Documents/Repositories/Afstudeerproject/STM32F407/TinyUSB_CDC_Example/STM32F407_tinyUSB-main/Middlewares/Third_Party/tinyusb-0.15.0/hw" -I"C:/Users/miche/Documents/Repositories/Afstudeerproject/STM32F407/TinyUSB_CDC_Example/STM32F407_tinyUSB-main/Middlewares/Third_Party/tinyusb-0.15.0/hw/bsp/stm32f4/boards/stm32f407disco" -O0 -ffunction-sections -fdata-sections -Wall -fstack-usage -fcyclomatic-complexity -MMD -MP -MF"Middlewares/Third_Party/tinyusb-0.15.0/src/class/cdc/cdc_rndis_host.d" -MT"Middlewares/Third_Party/tinyusb-0.15.0/src/class/cdc/cdc_rndis_host.o" --specs=nano.specs -mfpu=fpv4-sp-d16 -mfloat-abi=hard -mthumb -o "Middlewares/Third_Party/tinyusb-0.15.0/src/class/cdc/cdc_rndis_host.o"
arm-none-eabi-gcc "../Middlewares/Third_Party/tinyusb-0.15.0/src/class/bth/bth_device.c" -mcpu=cortex-m4 -std=gnu11 -g3 -DDEBUG -DUSE_HAL_DRIVER -DSTM32F407xx -c -I../Core/Inc -I../Drivers/STM32F4xx_HAL_Driver/Inc -I../Drivers/STM32F4xx_HAL_Driver/Inc/Legacy -I../Drivers/CMSIS/Device/ST/STM32F4xx/Include -I../Drivers/CMSIS/Include -I../Middlewares/Third_Party/FreeRTOS/Source/include -I../Middlewares/Third_Party/FreeRTOS/Source/CMSIS_RTOS -I../Middlewares/Third_Party/FreeRTOS/Source/portable/GCC/ARM_CM4F -I"C:/Users/miche/Documents/Repositories/Afstudeerproject/STM32F407/TinyUSB_CDC_Example/STM32F407_tinyUSB-main/Middlewares/Third_Party/tinyusb-0.15.0/src" -I"C:/Users/miche/Documents/Repositories/Afstudeerproject/STM32F407/TinyUSB_CDC_Example/STM32F407_tinyUSB-main/Middlewares/Third_Party/tinyusb-0.15.0/hw" -I"C:/Users/miche/Documents/Repositories/Afstudeerproject/STM32F407/TinyUSB_CDC_Example/STM32F407_tinyUSB-main/Middlewares/Third_Party/tinyusb-0.15.0/hw/bsp/stm32f4/boards/stm32f407disco" -O0 -ffunction-sections -fdata-sections -Wall -fstack-usage -fcyclomatic-complexity -MMD -MP -MF"Middlewares/Third_Party/tinyusb-0.15.0/src/class/bth/bth_device.d" -MT"Middlewares/Third_Party/tinyusb-0.15.0/src/class/bth/bth_device.o" --specs=nano.specs -mfpu=fpv4-sp-d16 -mfloat-abi=hard -mthumb -o "Middlewares/Third_Party/tinyusb-0.15.0/src/class/bth/bth_device.o"
arm-none-eabi-gcc "../Middlewares/Third_Party/tinyusb-0.15.0/src/class/audio/audio_device.c" -mcpu=cortex-m4 -std=gnu11 -g3 -DDEBUG -DUSE_HAL_DRIVER -DSTM32F407xx -c -I../Core/Inc -I../Drivers/STM32F4xx_HAL_Driver/Inc -I../Drivers/STM32F4xx_HAL_Driver/Inc/Legacy -I../Drivers/CMSIS/Device/ST/STM32F4xx/Include -I../Drivers/CMSIS/Include -I../Middlewares/Third_Party/FreeRTOS/Source/include -I../Middlewares/Third_Party/FreeRTOS/Source/CMSIS_RTOS -I../Middlewares/Third_Party/FreeRTOS/Source/portable/GCC/ARM_CM4F -I"C:/Users/miche/Documents/Repositories/Afstudeerproject/STM32F407/TinyUSB_CDC_Example/STM32F407_tinyUSB-main/Middlewares/Third_Party/tinyusb-0.15.0/src" -I"C:/Users/miche/Documents/Repositories/Afstudeerproject/STM32F407/TinyUSB_CDC_Example/STM32F407_tinyUSB-main/Middlewares/Third_Party/tinyusb-0.15.0/hw" -I"C:/Users/miche/Documents/Repositories/Afstudeerproject/STM32F407/TinyUSB_CDC_Example/STM32F407_tinyUSB-main/Middlewares/Third_Party/tinyusb-0.15.0/hw/bsp/stm32f4/boards/stm32f407disco" -O0 -ffunction-sections -fdata-sections -Wall -fstack-usage -fcyclomatic-complexity -MMD -MP -MF"Middlewares/Third_Party/tinyusb-0.15.0/src/class/audio/audio_device.d" -MT"Middlewares/Third_Party/tinyusb-0.15.0/src/class/audio/audio_device.o" --specs=nano.specs -mfpu=fpv4-sp-d16 -mfloat-abi=hard -mthumb -o "Middlewares/Third_Party/tinyusb-0.15.0/src/class/audio/audio_device.o"
arm-none-eabi-gcc "../Middlewares/Third_Party/tinyusb-0.15.0/src/tusb.c" -mcpu=cortex-m4 -std=gnu11 -g3 -DDEBUG -DUSE_HAL_DRIVER -DSTM32F407xx -c -I../Core/Inc -I../Drivers/STM32F4xx_HAL_Driver/Inc -I../Drivers/STM32F4xx_HAL_Driver/Inc/Legacy -I../Drivers/CMSIS/Device/ST/STM32F4xx/Include -I../Drivers/CMSIS/Include -I../Middlewares/Third_Party/FreeRTOS/Source/include -I../Middlewares/Third_Party/FreeRTOS/Source/CMSIS_RTOS -I../Middlewares/Third_Party/FreeRTOS/Source/portable/GCC/ARM_CM4F -I"C:/Users/miche/Documents/Repositories/Afstudeerproject/STM32F407/TinyUSB_CDC_Example/STM32F407_tinyUSB-main/Middlewares/Third_Party/tinyusb-0.15.0/src" -I"C:/Users/miche/Documents/Repositories/Afstudeerproject/STM32F407/TinyUSB_CDC_Example/STM32F407_tinyUSB-main/Middlewares/Third_Party/tinyusb-0.15.0/hw" -I"C:/Users/miche/Documents/Repositories/Afstudeerproject/STM32F407/TinyUSB_CDC_Example/STM32F407_tinyUSB-main/Middlewares/Third_Party/tinyusb-0.15.0/hw/bsp/stm32f4/boards/stm32f407disco" -O0 -ffunction-sections -fdata-sections -Wall -fstack-usage -fcyclomatic-complexity -MMD -MP -MF"Middlewares/Third_Party/tinyusb-0.15.0/src/tusb.d" -MT"Middlewares/Third_Party/tinyusb-0.15.0/src/tusb.o" --specs=nano.specs -mfpu=fpv4-sp-d16 -mfloat-abi=hard -mthumb -o "Middlewares/Third_Party/tinyusb-0.15.0/src/tusb.o"
arm-none-eabi-gcc "../Middlewares/Third_Party/tinyusb-0.15.0/hw/bsp/stm32f4/family.c" -mcpu=cortex-m4 -std=gnu11 -g3 -DDEBUG -DUSE_HAL_DRIVER -DSTM32F407xx -c -I../Core/Inc -I../Drivers/STM32F4xx_HAL_Driver/Inc -I../Drivers/STM32F4xx_HAL_Driver/Inc/Legacy -I../Drivers/CMSIS/Device/ST/STM32F4xx/Include -I../Drivers/CMSIS/Include -I../Middlewares/Third_Party/FreeRTOS/Source/include -I../Middlewares/Third_Party/FreeRTOS/Source/CMSIS_RTOS -I../Middlewares/Third_Party/FreeRTOS/Source/portable/GCC/ARM_CM4F -I"C:/Users/miche/Documents/Repositories/Afstudeerproject/STM32F407/TinyUSB_CDC_Example/STM32F407_tinyUSB-main/Middlewares/Third_Party/tinyusb-0.15.0/src" -I"C:/Users/miche/Documents/Repositories/Afstudeerproject/STM32F407/TinyUSB_CDC_Example/STM32F407_tinyUSB-main/Middlewares/Third_Party/tinyusb-0.15.0/hw" -I"C:/Users/miche/Documents/Repositories/Afstudeerproject/STM32F407/TinyUSB_CDC_Example/STM32F407_tinyUSB-main/Middlewares/Third_Party/tinyusb-0.15.0/hw/bsp/stm32f4/boards/stm32f407disco" -O0 -ffunction-sections -fdata-sections -Wall -fstack-usage -fcyclomatic-complexity -MMD -MP -MF"Middlewares/Third_Party/tinyusb-0.15.0/hw/bsp/stm32f4/family.d" -MT"Middlewares/Third_Party/tinyusb-0.15.0/hw/bsp/stm32f4/family.o" --specs=nano.specs -mfpu=fpv4-sp-d16 -mfloat-abi=hard -mthumb -o "Middlewares/Third_Party/tinyusb-0.15.0/hw/bsp/stm32f4/family.o"
arm-none-eabi-gcc "../Middlewares/Third_Party/tinyusb-0.15.0/hw/bsp/board.c" -mcpu=cortex-m4 -std=gnu11 -g3 -DDEBUG -DUSE_HAL_DRIVER -DSTM32F407xx -c -I../Core/Inc -I../Drivers/STM32F4xx_HAL_Driver/Inc -I../Drivers/STM32F4xx_HAL_Driver/Inc/Legacy -I../Drivers/CMSIS/Device/ST/STM32F4xx/Include -I../Drivers/CMSIS/Include -I../Middlewares/Third_Party/FreeRTOS/Source/include -I../Middlewares/Third_Party/FreeRTOS/Source/CMSIS_RTOS -I../Middlewares/Third_Party/FreeRTOS/Source/portable/GCC/ARM_CM4F -I"C:/Users/miche/Documents/Repositories/Afstudeerproject/STM32F407/TinyUSB_CDC_Example/STM32F407_tinyUSB-main/Middlewares/Third_Party/tinyusb-0.15.0/src" -I"C:/Users/miche/Documents/Repositories/Afstudeerproject/STM32F407/TinyUSB_CDC_Example/STM32F407_tinyUSB-main/Middlewares/Third_Party/tinyusb-0.15.0/hw" -I"C:/Users/miche/Documents/Repositories/Afstudeerproject/STM32F407/TinyUSB_CDC_Example/STM32F407_tinyUSB-main/Middlewares/Third_Party/tinyusb-0.15.0/hw/bsp/stm32f4/boards/stm32f407disco" -O0 -ffunction-sections -fdata-sections -Wall -fstack-usage -fcyclomatic-complexity -MMD -MP -MF"Middlewares/Third_Party/tinyusb-0.15.0/hw/bsp/board.d" -MT"Middlewares/Third_Party/tinyusb-0.15.0/hw/bsp/board.o" --specs=nano.specs -mfpu=fpv4-sp-d16 -mfloat-abi=hard -mthumb -o "Middlewares/Third_Party/tinyusb-0.15.0/hw/bsp/board.o"
arm-none-eabi-gcc "../Middlewares/Third_Party/FreeRTOS/Source/portable/MemMang/heap_4.c" -mcpu=cortex-m4 -std=gnu11 -g3 -DDEBUG -DUSE_HAL_DRIVER -DSTM32F407xx -c -I../Core/Inc -I../Drivers/STM32F4xx_HAL_Driver/Inc -I../Drivers/STM32F4xx_HAL_Driver/Inc/Legacy -I../Drivers/CMSIS/Device/ST/STM32F4xx/Include -I../Drivers/CMSIS/Include -I../Middlewares/Third_Party/FreeRTOS/Source/include -I../Middlewares/Third_Party/FreeRTOS/Source/CMSIS_RTOS -I../Middlewares/Third_Party/FreeRTOS/Source/portable/GCC/ARM_CM4F -I"C:/Users/miche/Documents/Repositories/Afstudeerproject/STM32F407/TinyUSB_CDC_Example/STM32F407_tinyUSB-main/Middlewares/Third_Party/tinyusb-0.15.0/src" -I"C:/Users/miche/Documents/Repositories/Afstudeerproject/STM32F407/TinyUSB_CDC_Example/STM32F407_tinyUSB-main/Middlewares/Third_Party/tinyusb-0.15.0/hw" -I"C:/Users/miche/Documents/Repositories/Afstudeerproject/STM32F407/TinyUSB_CDC_Example/STM32F407_tinyUSB-main/Middlewares/Third_Party/tinyusb-0.15.0/hw/bsp/stm32f4/boards/stm32f407disco" -O0 -ffunction-sections -fdata-sections -Wall -fstack-usage -fcyclomatic-complexity -MMD -MP -MF"Middlewares/Third_Party/FreeRTOS/Source/portable/MemMang/heap_4.d" -MT"Middlewares/Third_Party/FreeRTOS/Source/portable/MemMang/heap_4.o" --specs=nano.specs -mfpu=fpv4-sp-d16 -mfloat-abi=hard -mthumb -o "Middlewares/Third_Party/FreeRTOS/Source/portable/MemMang/heap_4.o"
arm-none-eabi-gcc "../Middlewares/Third_Party/FreeRTOS/Source/portable/GCC/ARM_CM4F/port.c" -mcpu=cortex-m4 -std=gnu11 -g3 -DDEBUG -DUSE_HAL_DRIVER -DSTM32F407xx -c -I../Core/Inc -I../Drivers/STM32F4xx_HAL_Driver/Inc -I../Drivers/STM32F4xx_HAL_Driver/Inc/Legacy -I../Drivers/CMSIS/Device/ST/STM32F4xx/Include -I../Drivers/CMSIS/Include -I../Middlewares/Third_Party/FreeRTOS/Source/include -I../Middlewares/Third_Party/FreeRTOS/Source/CMSIS_RTOS -I../Middlewares/Third_Party/FreeRTOS/Source/portable/GCC/ARM_CM4F -I"C:/Users/miche/Documents/Repositories/Afstudeerproject/STM32F407/TinyUSB_CDC_Example/STM32F407_tinyUSB-main/Middlewares/Third_Party/tinyusb-0.15.0/src" -I"C:/Users/miche/Documents/Repositories/Afstudeerproject/STM32F407/TinyUSB_CDC_Example/STM32F407_tinyUSB-main/Middlewares/Third_Party/tinyusb-0.15.0/hw" -I"C:/Users/miche/Documents/Repositories/Afstudeerproject/STM32F407/TinyUSB_CDC_Example/STM32F407_tinyUSB-main/Middlewares/Third_Party/tinyusb-0.15.0/hw/bsp/stm32f4/boards/stm32f407disco" -O0 -ffunction-sections -fdata-sections -Wall -fstack-usage -fcyclomatic-complexity -MMD -MP -MF"Middlewares/Third_Party/FreeRTOS/Source/portable/GCC/ARM_CM4F/port.d" -MT"Middlewares/Third_Party/FreeRTOS/Source/portable/GCC/ARM_CM4F/port.o" --specs=nano.specs -mfpu=fpv4-sp-d16 -mfloat-abi=hard -mthumb -o "Middlewares/Third_Party/FreeRTOS/Source/portable/GCC/ARM_CM4F/port.o"
arm-none-eabi-gcc "../Middlewares/Third_Party/FreeRTOS/Source/CMSIS_RTOS/cmsis_os.c" -mcpu=cortex-m4 -std=gnu11 -g3 -DDEBUG -DUSE_HAL_DRIVER -DSTM32F407xx -c -I../Core/Inc -I../Drivers/STM32F4xx_HAL_Driver/Inc -I../Drivers/STM32F4xx_HAL_Driver/Inc/Legacy -I../Drivers/CMSIS/Device/ST/STM32F4xx/Include -I../Drivers/CMSIS/Include -I../Middlewares/Third_Party/FreeRTOS/Source/include -I../Middlewares/Third_Party/FreeRTOS/Source/CMSIS_RTOS -I../Middlewares/Third_Party/FreeRTOS/Source/portable/GCC/ARM_CM4F -I"C:/Users/miche/Documents/Repositories/Afstudeerproject/STM32F407/TinyUSB_CDC_Example/STM32F407_tinyUSB-main/Middlewares/Third_Party/tinyusb-0.15.0/src" -I"C:/Users/miche/Documents/Repositories/Afstudeerproject/STM32F407/TinyUSB_CDC_Example/STM32F407_tinyUSB-main/Middlewares/Third_Party/tinyusb-0.15.0/hw" -I"C:/Users/miche/Documents/Repositories/Afstudeerproject/STM32F407/TinyUSB_CDC_Example/STM32F407_tinyUSB-main/Middlewares/Third_Party/tinyusb-0.15.0/hw/bsp/stm32f4/boards/stm32f407disco" -O0 -ffunction-sections -fdata-sections -Wall -fstack-usage -fcyclomatic-complexity -MMD -MP -MF"Middlewares/Third_Party/FreeRTOS/Source/CMSIS_RTOS/cmsis_os.d" -MT"Middlewares/Third_Party/FreeRTOS/Source/CMSIS_RTOS/cmsis_os.o" --specs=nano.specs -mfpu=fpv4-sp-d16 -mfloat-abi=hard -mthumb -o "Middlewares/Third_Party/FreeRTOS/Source/CMSIS_RTOS/cmsis_os.o"
arm-none-eabi-gcc "../Middlewares/Third_Party/FreeRTOS/Source/croutine.c" -mcpu=cortex-m4 -std=gnu11 -g3 -DDEBUG -DUSE_HAL_DRIVER -DSTM32F407xx -c -I../Core/Inc -I../Drivers/STM32F4xx_HAL_Driver/Inc -I../Drivers/STM32F4xx_HAL_Driver/Inc/Legacy -I../Drivers/CMSIS/Device/ST/STM32F4xx/Include -I../Drivers/CMSIS/Include -I../Middlewares/Third_Party/FreeRTOS/Source/include -I../Middlewares/Third_Party/FreeRTOS/Source/CMSIS_RTOS -I../Middlewares/Third_Party/FreeRTOS/Source/portable/GCC/ARM_CM4F -I"C:/Users/miche/Documents/Repositories/Afstudeerproject/STM32F407/TinyUSB_CDC_Example/STM32F407_tinyUSB-main/Middlewares/Third_Party/tinyusb-0.15.0/src" -I"C:/Users/miche/Documents/Repositories/Afstudeerproject/STM32F407/TinyUSB_CDC_Example/STM32F407_tinyUSB-main/Middlewares/Third_Party/tinyusb-0.15.0/hw" -I"C:/Users/miche/Documents/Repositories/Afstudeerproject/STM32F407/TinyUSB_CDC_Example/STM32F407_tinyUSB-main/Middlewares/Third_Party/tinyusb-0.15.0/hw/bsp/stm32f4/boards/stm32f407disco" -O0 -ffunction-sections -fdata-sections -Wall -fstack-usage -fcyclomatic-complexity -MMD -MP -MF"Middlewares/Third_Party/FreeRTOS/Source/croutine.d" -MT"Middlewares/Third_Party/FreeRTOS/Source/croutine.o" --specs=nano.specs -mfpu=fpv4-sp-d16 -mfloat-abi=hard -mthumb -o "Middlewares/Third_Party/FreeRTOS/Source/croutine.o"
arm-none-eabi-gcc "../Middlewares/Third_Party/FreeRTOS/Source/event_groups.c" -mcpu=cortex-m4 -std=gnu11 -g3 -DDEBUG -DUSE_HAL_DRIVER -DSTM32F407xx -c -I../Core/Inc -I../Drivers/STM32F4xx_HAL_Driver/Inc -I../Drivers/STM32F4xx_HAL_Driver/Inc/Legacy -I../Drivers/CMSIS/Device/ST/STM32F4xx/Include -I../Drivers/CMSIS/Include -I../Middlewares/Third_Party/FreeRTOS/Source/include -I../Middlewares/Third_Party/FreeRTOS/Source/CMSIS_RTOS -I../Middlewares/Third_Party/FreeRTOS/Source/portable/GCC/ARM_CM4F -I"C:/Users/miche/Documents/Repositories/Afstudeerproject/STM32F407/TinyUSB_CDC_Example/STM32F407_tinyUSB-main/Middlewares/Third_Party/tinyusb-0.15.0/src" -I"C:/Users/miche/Documents/Repositories/Afstudeerproject/STM32F407/TinyUSB_CDC_Example/STM32F407_tinyUSB-main/Middlewares/Third_Party/tinyusb-0.15.0/hw" -I"C:/Users/miche/Documents/Repositories/Afstudeerproject/STM32F407/TinyUSB_CDC_Example/STM32F407_tinyUSB-main/Middlewares/Third_Party/tinyusb-0.15.0/hw/bsp/stm32f4/boards/stm32f407disco" -O0 -ffunction-sections -fdata-sections -Wall -fstack-usage -fcyclomatic-complexity -MMD -MP -MF"Middlewares/Third_Party/FreeRTOS/Source/event_groups.d" -MT"Middlewares/Third_Party/FreeRTOS/Source/event_groups.o" --specs=nano.specs -mfpu=fpv4-sp-d16 -mfloat-abi=hard -mthumb -o "Middlewares/Third_Party/FreeRTOS/Source/event_groups.o"
arm-none-eabi-gcc "../Middlewares/Third_Party/FreeRTOS/Source/list.c" -mcpu=cortex-m4 -std=gnu11 -g3 -DDEBUG -DUSE_HAL_DRIVER -DSTM32F407xx -c -I../Core/Inc -I../Drivers/STM32F4xx_HAL_Driver/Inc -I../Drivers/STM32F4xx_HAL_Driver/Inc/Legacy -I../Drivers/CMSIS/Device/ST/STM32F4xx/Include -I../Drivers/CMSIS/Include -I../Middlewares/Third_Party/FreeRTOS/Source/include -I../Middlewares/Third_Party/FreeRTOS/Source/CMSIS_RTOS -I../Middlewares/Third_Party/FreeRTOS/Source/portable/GCC/ARM_CM4F -I"C:/Users/miche/Documents/Repositories/Afstudeerproject/STM32F407/TinyUSB_CDC_Example/STM32F407_tinyUSB-main/Middlewares/Third_Party/tinyusb-0.15.0/src" -I"C:/Users/miche/Documents/Repositories/Afstudeerproject/STM32F407/TinyUSB_CDC_Example/STM32F407_tinyUSB-main/Middlewares/Third_Party/tinyusb-0.15.0/hw" -I"C:/Users/miche/Documents/Repositories/Afstudeerproject/STM32F407/TinyUSB_CDC_Example/STM32F407_tinyUSB-main/Middlewares/Third_Party/tinyusb-0.15.0/hw/bsp/stm32f4/boards/stm32f407disco" -O0 -ffunction-sections -fdata-sections -Wall -fstack-usage -fcyclomatic-complexity -MMD -MP -MF"Middlewares/Third_Party/FreeRTOS/Source/list.d" -MT"Middlewares/Third_Party/FreeRTOS/Source/list.o" --specs=nano.specs -mfpu=fpv4-sp-d16 -mfloat-abi=hard -mthumb -o "Middlewares/Third_Party/FreeRTOS/Source/list.o"
arm-none-eabi-gcc "../Middlewares/Third_Party/FreeRTOS/Source/queue.c" -mcpu=cortex-m4 -std=gnu11 -g3 -DDEBUG -DUSE_HAL_DRIVER -DSTM32F407xx -c -I../Core/Inc -I../Drivers/STM32F4xx_HAL_Driver/Inc -I../Drivers/STM32F4xx_HAL_Driver/Inc/Legacy -I../Drivers/CMSIS/Device/ST/STM32F4xx/Include -I../Drivers/CMSIS/Include -I../Middlewares/Third_Party/FreeRTOS/Source/include -I../Middlewares/Third_Party/FreeRTOS/Source/CMSIS_RTOS -I../Middlewares/Third_Party/FreeRTOS/Source/portable/GCC/ARM_CM4F -I"C:/Users/miche/Documents/Repositories/Afstudeerproject/STM32F407/TinyUSB_CDC_Example/STM32F407_tinyUSB-main/Middlewares/Third_Party/tinyusb-0.15.0/src" -I"C:/Users/miche/Documents/Repositories/Afstudeerproject/STM32F407/TinyUSB_CDC_Example/STM32F407_tinyUSB-main/Middlewares/Third_Party/tinyusb-0.15.0/hw" -I"C:/Users/miche/Documents/Repositories/Afstudeerproject/STM32F407/TinyUSB_CDC_Example/STM32F407_tinyUSB-main/Middlewares/Third_Party/tinyusb-0.15.0/hw/bsp/stm32f4/boards/stm32f407disco" -O0 -ffunction-sections -fdata-sections -Wall -fstack-usage -fcyclomatic-complexity -MMD -MP -MF"Middlewares/Third_Party/FreeRTOS/Source/queue.d" -MT"Middlewares/Third_Party/FreeRTOS/Source/queue.o" --specs=nano.specs -mfpu=fpv4-sp-d16 -mfloat-abi=hard -mthumb -o "Middlewares/Third_Party/FreeRTOS/Source/queue.o"
arm-none-eabi-gcc "../Middlewares/Third_Party/FreeRTOS/Source/stream_buffer.c" -mcpu=cortex-m4 -std=gnu11 -g3 -DDEBUG -DUSE_HAL_DRIVER -DSTM32F407xx -c -I../Core/Inc -I../Drivers/STM32F4xx_HAL_Driver/Inc -I../Drivers/STM32F4xx_HAL_Driver/Inc/Legacy -I../Drivers/CMSIS/Device/ST/STM32F4xx/Include -I../Drivers/CMSIS/Include -I../Middlewares/Third_Party/FreeRTOS/Source/include -I../Middlewares/Third_Party/FreeRTOS/Source/CMSIS_RTOS -I../Middlewares/Third_Party/FreeRTOS/Source/portable/GCC/ARM_CM4F -I"C:/Users/miche/Documents/Repositories/Afstudeerproject/STM32F407/TinyUSB_CDC_Example/STM32F407_tinyUSB-main/Middlewares/Third_Party/tinyusb-0.15.0/src" -I"C:/Users/miche/Documents/Repositories/Afstudeerproject/STM32F407/TinyUSB_CDC_Example/STM32F407_tinyUSB-main/Middlewares/Third_Party/tinyusb-0.15.0/hw" -I"C:/Users/miche/Documents/Repositories/Afstudeerproject/STM32F407/TinyUSB_CDC_Example/STM32F407_tinyUSB-main/Middlewares/Third_Party/tinyusb-0.15.0/hw/bsp/stm32f4/boards/stm32f407disco" -O0 -ffunction-sections -fdata-sections -Wall -fstack-usage -fcyclomatic-complexity -MMD -MP -MF"Middlewares/Third_Party/FreeRTOS/Source/stream_buffer.d" -MT"Middlewares/Third_Party/FreeRTOS/Source/stream_buffer.o" --specs=nano.specs -mfpu=fpv4-sp-d16 -mfloat-abi=hard -mthumb -o "Middlewares/Third_Party/FreeRTOS/Source/stream_buffer.o"
arm-none-eabi-gcc "../Middlewares/Third_Party/FreeRTOS/Source/tasks.c" -mcpu=cortex-m4 -std=gnu11 -g3 -DDEBUG -DUSE_HAL_DRIVER -DSTM32F407xx -c -I../Core/Inc -I../Drivers/STM32F4xx_HAL_Driver/Inc -I../Drivers/STM32F4xx_HAL_Driver/Inc/Legacy -I../Drivers/CMSIS/Device/ST/STM32F4xx/Include -I../Drivers/CMSIS/Include -I../Middlewares/Third_Party/FreeRTOS/Source/include -I../Middlewares/Third_Party/FreeRTOS/Source/CMSIS_RTOS -I../Middlewares/Third_Party/FreeRTOS/Source/portable/GCC/ARM_CM4F -I"C:/Users/miche/Documents/Repositories/Afstudeerproject/STM32F407/TinyUSB_CDC_Example/STM32F407_tinyUSB-main/Middlewares/Third_Party/tinyusb-0.15.0/src" -I"C:/Users/miche/Documents/Repositories/Afstudeerproject/STM32F407/TinyUSB_CDC_Example/STM32F407_tinyUSB-main/Middlewares/Third_Party/tinyusb-0.15.0/hw" -I"C:/Users/miche/Documents/Repositories/Afstudeerproject/STM32F407/TinyUSB_CDC_Example/STM32F407_tinyUSB-main/Middlewares/Third_Party/tinyusb-0.15.0/hw/bsp/stm32f4/boards/stm32f407disco" -O0 -ffunction-sections -fdata-sections -Wall -fstack-usage -fcyclomatic-complexity -MMD -MP -MF"Middlewares/Third_Party/FreeRTOS/Source/tasks.d" -MT"Middlewares/Third_Party/FreeRTOS/Source/tasks.o" --specs=nano.specs -mfpu=fpv4-sp-d16 -mfloat-abi=hard -mthumb -o "Middlewares/Third_Party/FreeRTOS/Source/tasks.o"
arm-none-eabi-gcc "../Middlewares/Third_Party/FreeRTOS/Source/timers.c" -mcpu=cortex-m4 -std=gnu11 -g3 -DDEBUG -DUSE_HAL_DRIVER -DSTM32F407xx -c -I../Core/Inc -I../Drivers/STM32F4xx_HAL_Driver/Inc -I../Drivers/STM32F4xx_HAL_Driver/Inc/Legacy -I../Drivers/CMSIS/Device/ST/STM32F4xx/Include -I../Drivers/CMSIS/Include -I../Middlewares/Third_Party/FreeRTOS/Source/include -I../Middlewares/Third_Party/FreeRTOS/Source/CMSIS_RTOS -I../Middlewares/Third_Party/FreeRTOS/Source/portable/GCC/ARM_CM4F -I"C:/Users/miche/Documents/Repositories/Afstudeerproject/STM32F407/TinyUSB_CDC_Example/STM32F407_tinyUSB-main/Middlewares/Third_Party/tinyusb-0.15.0/src" -I"C:/Users/miche/Documents/Repositories/Afstudeerproject/STM32F407/TinyUSB_CDC_Example/STM32F407_tinyUSB-main/Middlewares/Third_Party/tinyusb-0.15.0/hw" -I"C:/Users/miche/Documents/Repositories/Afstudeerproject/STM32F407/TinyUSB_CDC_Example/STM32F407_tinyUSB-main/Middlewares/Third_Party/tinyusb-0.15.0/hw/bsp/stm32f4/boards/stm32f407disco" -O0 -ffunction-sections -fdata-sections -Wall -fstack-usage -fcyclomatic-complexity -MMD -MP -MF"Middlewares/Third_Party/FreeRTOS/Source/timers.d" -MT"Middlewares/Third_Party/FreeRTOS/Source/timers.o" --specs=nano.specs -mfpu=fpv4-sp-d16 -mfloat-abi=hard -mthumb -o "Middlewares/Third_Party/FreeRTOS/Source/timers.o"
arm-none-eabi-gcc "../Drivers/STM32F4xx_HAL_Driver/Src/stm32f4xx_hal.c" -mcpu=cortex-m4 -std=gnu11 -g3 -DDEBUG -DUSE_HAL_DRIVER -DSTM32F407xx -c -I../Core/Inc -I../Drivers/STM32F4xx_HAL_Driver/Inc -I../Drivers/STM32F4xx_HAL_Driver/Inc/Legacy -I../Drivers/CMSIS/Device/ST/STM32F4xx/Include -I../Drivers/CMSIS/Include -I../Middlewares/Third_Party/FreeRTOS/Source/include -I../Middlewares/Third_Party/FreeRTOS/Source/CMSIS_RTOS -I../Middlewares/Third_Party/FreeRTOS/Source/portable/GCC/ARM_CM4F -I"C:/Users/miche/Documents/Repositories/Afstudeerproject/STM32F407/TinyUSB_CDC_Example/STM32F407_tinyUSB-main/Middlewares/Third_Party/tinyusb-0.15.0/src" -I"C:/Users/miche/Documents/Repositories/Afstudeerproject/STM32F407/TinyUSB_CDC_Example/STM32F407_tinyUSB-main/Middlewares/Third_Party/tinyusb-0.15.0/hw" -I"C:/Users/miche/Documents/Repositories/Afstudeerproject/STM32F407/TinyUSB_CDC_Example/STM32F407_tinyUSB-main/Middlewares/Third_Party/tinyusb-0.15.0/hw/bsp/stm32f4/boards/stm32f407disco" -O0 -ffunction-sections -fdata-sections -Wall -fstack-usage -fcyclomatic-complexity -MMD -MP -MF"Drivers/STM32F4xx_HAL_Driver/Src/stm32f4xx_hal.d" -MT"Drivers/STM32F4xx_HAL_Driver/Src/stm32f4xx_hal.o" --specs=nano.specs -mfpu=fpv4-sp-d16 -mfloat-abi=hard -mthumb -o "Drivers/STM32F4xx_HAL_Driver/Src/stm32f4xx_hal.o"
arm-none-eabi-gcc "../Drivers/STM32F4xx_HAL_Driver/Src/stm32f4xx_hal_cortex.c" -mcpu=cortex-m4 -std=gnu11 -g3 -DDEBUG -DUSE_HAL_DRIVER -DSTM32F407xx -c -I../Core/Inc -I../Drivers/STM32F4xx_HAL_Driver/Inc -I../Drivers/STM32F4xx_HAL_Driver/Inc/Legacy -I../Drivers/CMSIS/Device/ST/STM32F4xx/Include -I../Drivers/CMSIS/Include -I../Middlewares/Third_Party/FreeRTOS/Source/include -I../Middlewares/Third_Party/FreeRTOS/Source/CMSIS_RTOS -I../Middlewares/Third_Party/FreeRTOS/Source/portable/GCC/ARM_CM4F -I"C:/Users/miche/Documents/Repositories/Afstudeerproject/STM32F407/TinyUSB_CDC_Example/STM32F407_tinyUSB-main/Middlewares/Third_Party/tinyusb-0.15.0/src" -I"C:/Users/miche/Documents/Repositories/Afstudeerproject/STM32F407/TinyUSB_CDC_Example/STM32F407_tinyUSB-main/Middlewares/Third_Party/tinyusb-0.15.0/hw" -I"C:/Users/miche/Documents/Repositories/Afstudeerproject/STM32F407/TinyUSB_CDC_Example/STM32F407_tinyUSB-main/Middlewares/Third_Party/tinyusb-0.15.0/hw/bsp/stm32f4/boards/stm32f407disco" -O0 -ffunction-sections -fdata-sections -Wall -fstack-usage -fcyclomatic-complexity -MMD -MP -MF"Drivers/STM32F4xx_HAL_Driver/Src/stm32f4xx_hal_cortex.d" -MT"Drivers/STM32F4xx_HAL_Driver/Src/stm32f4xx_hal_cortex.o" --specs=nano.specs -mfpu=fpv4-sp-d16 -mfloat-abi=hard -mthumb -o "Drivers/STM32F4xx_HAL_Driver/Src/stm32f4xx_hal_cortex.o"
arm-none-eabi-gcc "../Drivers/STM32F4xx_HAL_Driver/Src/stm32f4xx_hal_dma.c" -mcpu=cortex-m4 -std=gnu11 -g3 -DDEBUG -DUSE_HAL_DRIVER -DSTM32F407xx -c -I../Core/Inc -I../Drivers/STM32F4xx_HAL_Driver/Inc -I../Drivers/STM32F4xx_HAL_Driver/Inc/Legacy -I../Drivers/CMSIS/Device/ST/STM32F4xx/Include -I../Drivers/CMSIS/Include -I../Middlewares/Third_Party/FreeRTOS/Source/include -I../Middlewares/Third_Party/FreeRTOS/Source/CMSIS_RTOS -I../Middlewares/Third_Party/FreeRTOS/Source/portable/GCC/ARM_CM4F -I"C:/Users/miche/Documents/Repositories/Afstudeerproject/STM32F407/TinyUSB_CDC_Example/STM32F407_tinyUSB-main/Middlewares/Third_Party/tinyusb-0.15.0/src" -I"C:/Users/miche/Documents/Repositories/Afstudeerproject/STM32F407/TinyUSB_CDC_Example/STM32F407_tinyUSB-main/Middlewares/Third_Party/tinyusb-0.15.0/hw" -I"C:/Users/miche/Documents/Repositories/Afstudeerproject/STM32F407/TinyUSB_CDC_Example/STM32F407_tinyUSB-main/Middlewares/Third_Party/tinyusb-0.15.0/hw/bsp/stm32f4/boards/stm32f407disco" -O0 -ffunction-sections -fdata-sections -Wall -fstack-usage -fcyclomatic-complexity -MMD -MP -MF"Drivers/STM32F4xx_HAL_Driver/Src/stm32f4xx_hal_dma.d" -MT"Drivers/STM32F4xx_HAL_Driver/Src/stm32f4xx_hal_dma.o" --specs=nano.specs -mfpu=fpv4-sp-d16 -mfloat-abi=hard -mthumb -o "Drivers/STM32F4xx_HAL_Driver/Src/stm32f4xx_hal_dma.o"
arm-none-eabi-gcc "../Drivers/STM32F4xx_HAL_Driver/Src/stm32f4xx_hal_dma_ex.c" -mcpu=cortex-m4 -std=gnu11 -g3 -DDEBUG -DUSE_HAL_DRIVER -DSTM32F407xx -c -I../Core/Inc -I../Drivers/STM32F4xx_HAL_Driver/Inc -I../Drivers/STM32F4xx_HAL_Driver/Inc/Legacy -I../Drivers/CMSIS/Device/ST/STM32F4xx/Include -I../Drivers/CMSIS/Include -I../Middlewares/Third_Party/FreeRTOS/Source/include -I../Middlewares/Third_Party/FreeRTOS/Source/CMSIS_RTOS -I../Middlewares/Third_Party/FreeRTOS/Source/portable/GCC/ARM_CM4F -I"C:/Users/miche/Documents/Repositories/Afstudeerproject/STM32F407/TinyUSB_CDC_Example/STM32F407_tinyUSB-main/Middlewares/Third_Party/tinyusb-0.15.0/src" -I"C:/Users/miche/Documents/Repositories/Afstudeerproject/STM32F407/TinyUSB_CDC_Example/STM32F407_tinyUSB-main/Middlewares/Third_Party/tinyusb-0.15.0/hw" -I"C:/Users/miche/Documents/Repositories/Afstudeerproject/STM32F407/TinyUSB_CDC_Example/STM32F407_tinyUSB-main/Middlewares/Third_Party/tinyusb-0.15.0/hw/bsp/stm32f4/boards/stm32f407disco" -O0 -ffunction-sections -fdata-sections -Wall -fstack-usage -fcyclomatic-complexity -MMD -MP -MF"Drivers/STM32F4xx_HAL_Driver/Src/stm32f4xx_hal_dma_ex.d" -MT"Drivers/STM32F4xx_HAL_Driver/Src/stm32f4xx_hal_dma_ex.o" --specs=nano.specs -mfpu=fpv4-sp-d16 -mfloat-abi=hard -mthumb -o "Drivers/STM32F4xx_HAL_Driver/Src/stm32f4xx_hal_dma_ex.o"
arm-none-eabi-gcc "../Drivers/STM32F4xx_HAL_Driver/Src/stm32f4xx_hal_exti.c" -mcpu=cortex-m4 -std=gnu11 -g3 -DDEBUG -DUSE_HAL_DRIVER -DSTM32F407xx -c -I../Core/Inc -I../Drivers/STM32F4xx_HAL_Driver/Inc -I../Drivers/STM32F4xx_HAL_Driver/Inc/Legacy -I../Drivers/CMSIS/Device/ST/STM32F4xx/Include -I../Drivers/CMSIS/Include -I../Middlewares/Third_Party/FreeRTOS/Source/include -I../Middlewares/Third_Party/FreeRTOS/Source/CMSIS_RTOS -I../Middlewares/Third_Party/FreeRTOS/Source/portable/GCC/ARM_CM4F -I"C:/Users/miche/Documents/Repositories/Afstudeerproject/STM32F407/TinyUSB_CDC_Example/STM32F407_tinyUSB-main/Middlewares/Third_Party/tinyusb-0.15.0/src" -I"C:/Users/miche/Documents/Repositories/Afstudeerproject/STM32F407/TinyUSB_CDC_Example/STM32F407_tinyUSB-main/Middlewares/Third_Party/tinyusb-0.15.0/hw" -I"C:/Users/miche/Documents/Repositories/Afstudeerproject/STM32F407/TinyUSB_CDC_Example/STM32F407_tinyUSB-main/Middlewares/Third_Party/tinyusb-0.15.0/hw/bsp/stm32f4/boards/stm32f407disco" -O0 -ffunction-sections -fdata-sections -Wall -fstack-usage -fcyclomatic-complexity -MMD -MP -MF"Drivers/STM32F4xx_HAL_Driver/Src/stm32f4xx_hal_exti.d" -MT"Drivers/STM32F4xx_HAL_Driver/Src/stm32f4xx_hal_exti.o" --specs=nano.specs -mfpu=fpv4-sp-d16 -mfloat-abi=hard -mthumb -o "Drivers/STM32F4xx_HAL_Driver/Src/stm32f4xx_hal_exti.o"
arm-none-eabi-gcc "../Drivers/STM32F4xx_HAL_Driver/Src/stm32f4xx_hal_flash.c" -mcpu=cortex-m4 -std=gnu11 -g3 -DDEBUG -DUSE_HAL_DRIVER -DSTM32F407xx -c -I../Core/Inc -I../Drivers/STM32F4xx_HAL_Driver/Inc -I../Drivers/STM32F4xx_HAL_Driver/Inc/Legacy -I../Drivers/CMSIS/Device/ST/STM32F4xx/Include -I../Drivers/CMSIS/Include -I../Middlewares/Third_Party/FreeRTOS/Source/include -I../Middlewares/Third_Party/FreeRTOS/Source/CMSIS_RTOS -I../Middlewares/Third_Party/FreeRTOS/Source/portable/GCC/ARM_CM4F -I"C:/Users/miche/Documents/Repositories/Afstudeerproject/STM32F407/TinyUSB_CDC_Example/STM32F407_tinyUSB-main/Middlewares/Third_Party/tinyusb-0.15.0/src" -I"C:/Users/miche/Documents/Repositories/Afstudeerproject/STM32F407/TinyUSB_CDC_Example/STM32F407_tinyUSB-main/Middlewares/Third_Party/tinyusb-0.15.0/hw" -I"C:/Users/miche/Documents/Repositories/Afstudeerproject/STM32F407/TinyUSB_CDC_Example/STM32F407_tinyUSB-main/Middlewares/Third_Party/tinyusb-0.15.0/hw/bsp/stm32f4/boards/stm32f407disco" -O0 -ffunction-sections -fdata-sections -Wall -fstack-usage -fcyclomatic-complexity -MMD -MP -MF"Drivers/STM32F4xx_HAL_Driver/Src/stm32f4xx_hal_flash.d" -MT"Drivers/STM32F4xx_HAL_Driver/Src/stm32f4xx_hal_flash.o" --specs=nano.specs -mfpu=fpv4-sp-d16 -mfloat-abi=hard -mthumb -o "Drivers/STM32F4xx_HAL_Driver/Src/stm32f4xx_hal_flash.o"
arm-none-eabi-gcc "../Drivers/STM32F4xx_HAL_Driver/Src/stm32f4xx_hal_flash_ex.c" -mcpu=cortex-m4 -std=gnu11 -g3 -DDEBUG -DUSE_HAL_DRIVER -DSTM32F407xx -c -I../Core/Inc -I../Drivers/STM32F4xx_HAL_Driver/Inc -I../Drivers/STM32F4xx_HAL_Driver/Inc/Legacy -I../Drivers/CMSIS/Device/ST/STM32F4xx/Include -I../Drivers/CMSIS/Include -I../Middlewares/Third_Party/FreeRTOS/Source/include -I../Middlewares/Third_Party/FreeRTOS/Source/CMSIS_RTOS -I../Middlewares/Third_Party/FreeRTOS/Source/portable/GCC/ARM_CM4F -I"C:/Users/miche/Documents/Repositories/Afstudeerproject/STM32F407/TinyUSB_CDC_Example/STM32F407_tinyUSB-main/Middlewares/Third_Party/tinyusb-0.15.0/src" -I"C:/Users/miche/Documents/Repositories/Afstudeerproject/STM32F407/TinyUSB_CDC_Example/STM32F407_tinyUSB-main/Middlewares/Third_Party/tinyusb-0.15.0/hw" -I"C:/Users/miche/Documents/Repositories/Afstudeerproject/STM32F407/TinyUSB_CDC_Example/STM32F407_tinyUSB-main/Middlewares/Third_Party/tinyusb-0.15.0/hw/bsp/stm32f4/boards/stm32f407disco" -O0 -ffunction-sections -fdata-sections -Wall -fstack-usage -fcyclomatic-complexity -MMD -MP -MF"Drivers/STM32F4xx_HAL_Driver/Src/stm32f4xx_hal_flash_ex.d" -MT"Drivers/STM32F4xx_HAL_Driver/Src/stm32f4xx_hal_flash_ex.o" --specs=nano.specs -mfpu=fpv4-sp-d16 -mfloat-abi=hard -mthumb -o "Drivers/STM32F4xx_HAL_Driver/Src/stm32f4xx_hal_flash_ex.o"
arm-none-eabi-gcc "../Drivers/STM32F4xx_HAL_Driver/Src/stm32f4xx_hal_flash_ramfunc.c" -mcpu=cortex-m4 -std=gnu11 -g3 -DDEBUG -DUSE_HAL_DRIVER -DSTM32F407xx -c -I../Core/Inc -I../Drivers/STM32F4xx_HAL_Driver/Inc -I../Drivers/STM32F4xx_HAL_Driver/Inc/Legacy -I../Drivers/CMSIS/Device/ST/STM32F4xx/Include -I../Drivers/CMSIS/Include -I../Middlewares/Third_Party/FreeRTOS/Source/include -I../Middlewares/Third_Party/FreeRTOS/Source/CMSIS_RTOS -I../Middlewares/Third_Party/FreeRTOS/Source/portable/GCC/ARM_CM4F -I"C:/Users/miche/Documents/Repositories/Afstudeerproject/STM32F407/TinyUSB_CDC_Example/STM32F407_tinyUSB-main/Middlewares/Third_Party/tinyusb-0.15.0/src" -I"C:/Users/miche/Documents/Repositories/Afstudeerproject/STM32F407/TinyUSB_CDC_Example/STM32F407_tinyUSB-main/Middlewares/Third_Party/tinyusb-0.15.0/hw" -I"C:/Users/miche/Documents/Repositories/Afstudeerproject/STM32F407/TinyUSB_CDC_Example/STM32F407_tinyUSB-main/Middlewares/Third_Party/tinyusb-0.15.0/hw/bsp/stm32f4/boards/stm32f407disco" -O0 -ffunction-sections -fdata-sections -Wall -fstack-usage -fcyclomatic-complexity -MMD -MP -MF"Drivers/STM32F4xx_HAL_Driver/Src/stm32f4xx_hal_flash_ramfunc.d" -MT"Drivers/STM32F4xx_HAL_Driver/Src/stm32f4xx_hal_flash_ramfunc.o" --specs=nano.specs -mfpu=fpv4-sp-d16 -mfloat-abi=hard -mthumb -o "Drivers/STM32F4xx_HAL_Driver/Src/stm32f4xx_hal_flash_ramfunc.o"
arm-none-eabi-gcc "../Drivers/STM32F4xx_HAL_Driver/Src/stm32f4xx_hal_gpio.c" -mcpu=cortex-m4 -std=gnu11 -g3 -DDEBUG -DUSE_HAL_DRIVER -DSTM32F407xx -c -I../Core/Inc -I../Drivers/STM32F4xx_HAL_Driver/Inc -I../Drivers/STM32F4xx_HAL_Driver/Inc/Legacy -I../Drivers/CMSIS/Device/ST/STM32F4xx/Include -I../Drivers/CMSIS/Include -I../Middlewares/Third_Party/FreeRTOS/Source/include -I../Middlewares/Third_Party/FreeRTOS/Source/CMSIS_RTOS -I../Middlewares/Third_Party/FreeRTOS/Source/portable/GCC/ARM_CM4F -I"C:/Users/miche/Documents/Repositories/Afstudeerproject/STM32F407/TinyUSB_CDC_Example/STM32F407_tinyUSB-main/Middlewares/Third_Party/tinyusb-0.15.0/src" -I"C:/Users/miche/Documents/Repositories/Afstudeerproject/STM32F407/TinyUSB_CDC_Example/STM32F407_tinyUSB-main/Middlewares/Third_Party/tinyusb-0.15.0/hw" -I"C:/Users/miche/Documents/Repositories/Afstudeerproject/STM32F407/TinyUSB_CDC_Example/STM32F407_tinyUSB-main/Middlewares/Third_Party/tinyusb-0.15.0/hw/bsp/stm32f4/boards/stm32f407disco" -O0 -ffunction-sections -fdata-sections -Wall -fstack-usage -fcyclomatic-complexity -MMD -MP -MF"Drivers/STM32F4xx_HAL_Driver/Src/stm32f4xx_hal_gpio.d" -MT"Drivers/STM32F4xx_HAL_Driver/Src/stm32f4xx_hal_gpio.o" --specs=nano.specs -mfpu=fpv4-sp-d16 -mfloat-abi=hard -mthumb -o "Drivers/STM32F4xx_HAL_Driver/Src/stm32f4xx_hal_gpio.o"
arm-none-eabi-gcc "../Drivers/STM32F4xx_HAL_Driver/Src/stm32f4xx_hal_pwr.c" -mcpu=cortex-m4 -std=gnu11 -g3 -DDEBUG -DUSE_HAL_DRIVER -DSTM32F407xx -c -I../Core/Inc -I../Drivers/STM32F4xx_HAL_Driver/Inc -I../Drivers/STM32F4xx_HAL_Driver/Inc/Legacy -I../Drivers/CMSIS/Device/ST/STM32F4xx/Include -I../Drivers/CMSIS/Include -I../Middlewares/Third_Party/FreeRTOS/Source/include -I../Middlewares/Third_Party/FreeRTOS/Source/CMSIS_RTOS -I../Middlewares/Third_Party/FreeRTOS/Source/portable/GCC/ARM_CM4F -I"C:/Users/miche/Documents/Repositories/Afstudeerproject/STM32F407/TinyUSB_CDC_Example/STM32F407_tinyUSB-main/Middlewares/Third_Party/tinyusb-0.15.0/src" -I"C:/Users/miche/Documents/Repositories/Afstudeerproject/STM32F407/TinyUSB_CDC_Example/STM32F407_tinyUSB-main/Middlewares/Third_Party/tinyusb-0.15.0/hw" -I"C:/Users/miche/Documents/Repositories/Afstudeerproject/STM32F407/TinyUSB_CDC_Example/STM32F407_tinyUSB-main/Middlewares/Third_Party/tinyusb-0.15.0/hw/bsp/stm32f4/boards/stm32f407disco" -O0 -ffunction-sections -fdata-sections -Wall -fstack-usage -fcyclomatic-complexity -MMD -MP -MF"Drivers/STM32F4xx_HAL_Driver/Src/stm32f4xx_hal_pwr.d" -MT"Drivers/STM32F4xx_HAL_Driver/Src/stm32f4xx_hal_pwr.o" --specs=nano.specs -mfpu=fpv4-sp-d16 -mfloat-abi=hard -mthumb -o "Drivers/STM32F4xx_HAL_Driver/Src/stm32f4xx_hal_pwr.o"
arm-none-eabi-gcc "../Drivers/STM32F4xx_HAL_Driver/Src/stm32f4xx_hal_pwr_ex.c" -mcpu=cortex-m4 -std=gnu11 -g3 -DDEBUG -DUSE_HAL_DRIVER -DSTM32F407xx -c -I../Core/Inc -I../Drivers/STM32F4xx_HAL_Driver/Inc -I../Drivers/STM32F4xx_HAL_Driver/Inc/Legacy -I../Drivers/CMSIS/Device/ST/STM32F4xx/Include -I../Drivers/CMSIS/Include -I../Middlewares/Third_Party/FreeRTOS/Source/include -I../Middlewares/Third_Party/FreeRTOS/Source/CMSIS_RTOS -I../Middlewares/Third_Party/FreeRTOS/Source/portable/GCC/ARM_CM4F -I"C:/Users/miche/Documents/Repositories/Afstudeerproject/STM32F407/TinyUSB_CDC_Example/STM32F407_tinyUSB-main/Middlewares/Third_Party/tinyusb-0.15.0/src" -I"C:/Users/miche/Documents/Repositories/Afstudeerproject/STM32F407/TinyUSB_CDC_Example/STM32F407_tinyUSB-main/Middlewares/Third_Party/tinyusb-0.15.0/hw" -I"C:/Users/miche/Documents/Repositories/Afstudeerproject/STM32F407/TinyUSB_CDC_Example/STM32F407_tinyUSB-main/Middlewares/Third_Party/tinyusb-0.15.0/hw/bsp/stm32f4/boards/stm32f407disco" -O0 -ffunction-sections -fdata-sections -Wall -fstack-usage -fcyclomatic-complexity -MMD -MP -MF"Drivers/STM32F4xx_HAL_Driver/Src/stm32f4xx_hal_pwr_ex.d" -MT"Drivers/STM32F4xx_HAL_Driver/Src/stm32f4xx_hal_pwr_ex.o" --specs=nano.specs -mfpu=fpv4-sp-d16 -mfloat-abi=hard -mthumb -o "Drivers/STM32F4xx_HAL_Driver/Src/stm32f4xx_hal_pwr_ex.o"
arm-none-eabi-gcc "../Drivers/STM32F4xx_HAL_Driver/Src/stm32f4xx_hal_rcc.c" -mcpu=cortex-m4 -std=gnu11 -g3 -DDEBUG -DUSE_HAL_DRIVER -DSTM32F407xx -c -I../Core/Inc -I../Drivers/STM32F4xx_HAL_Driver/Inc -I../Drivers/STM32F4xx_HAL_Driver/Inc/Legacy -I../Drivers/CMSIS/Device/ST/STM32F4xx/Include -I../Drivers/CMSIS/Include -I../Middlewares/Third_Party/FreeRTOS/Source/include -I../Middlewares/Third_Party/FreeRTOS/Source/CMSIS_RTOS -I../Middlewares/Third_Party/FreeRTOS/Source/portable/GCC/ARM_CM4F -I"C:/Users/miche/Documents/Repositories/Afstudeerproject/STM32F407/TinyUSB_CDC_Example/STM32F407_tinyUSB-main/Middlewares/Third_Party/tinyusb-0.15.0/src" -I"C:/Users/miche/Documents/Repositories/Afstudeerproject/STM32F407/TinyUSB_CDC_Example/STM32F407_tinyUSB-main/Middlewares/Third_Party/tinyusb-0.15.0/hw" -I"C:/Users/miche/Documents/Repositories/Afstudeerproject/STM32F407/TinyUSB_CDC_Example/STM32F407_tinyUSB-main/Middlewares/Third_Party/tinyusb-0.15.0/hw/bsp/stm32f4/boards/stm32f407disco" -O0 -ffunction-sections -fdata-sections -Wall -fstack-usage -fcyclomatic-complexity -MMD -MP -MF"Drivers/STM32F4xx_HAL_Driver/Src/stm32f4xx_hal_rcc.d" -MT"Drivers/STM32F4xx_HAL_Driver/Src/stm32f4xx_hal_rcc.o" --specs=nano.specs -mfpu=fpv4-sp-d16 -mfloat-abi=hard -mthumb -o "Drivers/STM32F4xx_HAL_Driver/Src/stm32f4xx_hal_rcc.o"
arm-none-eabi-gcc "../Drivers/STM32F4xx_HAL_Driver/Src/stm32f4xx_hal_rcc_ex.c" -mcpu=cortex-m4 -std=gnu11 -g3 -DDEBUG -DUSE_HAL_DRIVER -DSTM32F407xx -c -I../Core/Inc -I../Drivers/STM32F4xx_HAL_Driver/Inc -I../Drivers/STM32F4xx_HAL_Driver/Inc/Legacy -I../Drivers/CMSIS/Device/ST/STM32F4xx/Include -I../Drivers/CMSIS/Include -I../Middlewares/Third_Party/FreeRTOS/Source/include -I../Middlewares/Third_Party/FreeRTOS/Source/CMSIS_RTOS -I../Middlewares/Third_Party/FreeRTOS/Source/portable/GCC/ARM_CM4F -I"C:/Users/miche/Documents/Repositories/Afstudeerproject/STM32F407/TinyUSB_CDC_Example/STM32F407_tinyUSB-main/Middlewares/Third_Party/tinyusb-0.15.0/src" -I"C:/Users/miche/Documents/Repositories/Afstudeerproject/STM32F407/TinyUSB_CDC_Example/STM32F407_tinyUSB-main/Middlewares/Third_Party/tinyusb-0.15.0/hw" -I"C:/Users/miche/Documents/Repositories/Afstudeerproject/STM32F407/TinyUSB_CDC_Example/STM32F407_tinyUSB-main/Middlewares/Third_Party/tinyusb-0.15.0/hw/bsp/stm32f4/boards/stm32f407disco" -O0 -ffunction-sections -fdata-sections -Wall -fstack-usage -fcyclomatic-complexity -MMD -MP -MF"Drivers/STM32F4xx_HAL_Driver/Src/stm32f4xx_hal_rcc_ex.d" -MT"Drivers/STM32F4xx_HAL_Driver/Src/stm32f4xx_hal_rcc_ex.o" --specs=nano.specs -mfpu=fpv4-sp-d16 -mfloat-abi=hard -mthumb -o "Drivers/STM32F4xx_HAL_Driver/Src/stm32f4xx_hal_rcc_ex.o"
arm-none-eabi-gcc "../Drivers/STM32F4xx_HAL_Driver/Src/stm32f4xx_hal_tim.c" -mcpu=cortex-m4 -std=gnu11 -g3 -DDEBUG -DUSE_HAL_DRIVER -DSTM32F407xx -c -I../Core/Inc -I../Drivers/STM32F4xx_HAL_Driver/Inc -I../Drivers/STM32F4xx_HAL_Driver/Inc/Legacy -I../Drivers/CMSIS/Device/ST/STM32F4xx/Include -I../Drivers/CMSIS/Include -I../Middlewares/Third_Party/FreeRTOS/Source/include -I../Middlewares/Third_Party/FreeRTOS/Source/CMSIS_RTOS -I../Middlewares/Third_Party/FreeRTOS/Source/portable/GCC/ARM_CM4F -I"C:/Users/miche/Documents/Repositories/Afstudeerproject/STM32F407/TinyUSB_CDC_Example/STM32F407_tinyUSB-main/Middlewares/Third_Party/tinyusb-0.15.0/src" -I"C:/Users/miche/Documents/Repositories/Afstudeerproject/STM32F407/TinyUSB_CDC_Example/STM32F407_tinyUSB-main/Middlewares/Third_Party/tinyusb-0.15.0/hw" -I"C:/Users/miche/Documents/Repositories/Afstudeerproject/STM32F407/TinyUSB_CDC_Example/STM32F407_tinyUSB-main/Middlewares/Third_Party/tinyusb-0.15.0/hw/bsp/stm32f4/boards/stm32f407disco" -O0 -ffunction-sections -fdata-sections -Wall -fstack-usage -fcyclomatic-complexity -MMD -MP -MF"Drivers/STM32F4xx_HAL_Driver/Src/stm32f4xx_hal_tim.d" -MT"Drivers/STM32F4xx_HAL_Driver/Src/stm32f4xx_hal_tim.o" --specs=nano.specs -mfpu=fpv4-sp-d16 -mfloat-abi=hard -mthumb -o "Drivers/STM32F4xx_HAL_Driver/Src/stm32f4xx_hal_tim.o"
arm-none-eabi-gcc "../Drivers/STM32F4xx_HAL_Driver/Src/stm32f4xx_hal_tim_ex.c" -mcpu=cortex-m4 -std=gnu11 -g3 -DDEBUG -DUSE_HAL_DRIVER -DSTM32F407xx -c -I../Core/Inc -I../Drivers/STM32F4xx_HAL_Driver/Inc -I../Drivers/STM32F4xx_HAL_Driver/Inc/Legacy -I../Drivers/CMSIS/Device/ST/STM32F4xx/Include -I../Drivers/CMSIS/Include -I../Middlewares/Third_Party/FreeRTOS/Source/include -I../Middlewares/Third_Party/FreeRTOS/Source/CMSIS_RTOS -I../Middlewares/Third_Party/FreeRTOS/Source/portable/GCC/ARM_CM4F -I"C:/Users/miche/Documents/Repositories/Afstudeerproject/STM32F407/TinyUSB_CDC_Example/STM32F407_tinyUSB-main/Middlewares/Third_Party/tinyusb-0.15.0/src" -I"C:/Users/miche/Documents/Repositories/Afstudeerproject/STM32F407/TinyUSB_CDC_Example/STM32F407_tinyUSB-main/Middlewares/Third_Party/tinyusb-0.15.0/hw" -I"C:/Users/miche/Documents/Repositories/Afstudeerproject/STM32F407/TinyUSB_CDC_Example/STM32F407_tinyUSB-main/Middlewares/Third_Party/tinyusb-0.15.0/hw/bsp/stm32f4/boards/stm32f407disco" -O0 -ffunction-sections -fdata-sections -Wall -fstack-usage -fcyclomatic-complexity -MMD -MP -MF"Drivers/STM32F4xx_HAL_Driver/Src/stm32f4xx_hal_tim_ex.d" -MT"Drivers/STM32F4xx_HAL_Driver/Src/stm32f4xx_hal_tim_ex.o" --specs=nano.specs -mfpu=fpv4-sp-d16 -mfloat-abi=hard -mthumb -o "Drivers/STM32F4xx_HAL_Driver/Src/stm32f4xx_hal_tim_ex.o"
arm-none-eabi-gcc -mcpu=cortex-m4 -g3 -DDEBUG -c -x assembler-with-cpp -MMD -MP -MF"Core/Startup/startup_stm32f407vgtx.d" -MT"Core/Startup/startup_stm32f407vgtx.o" --specs=nano.specs -mfpu=fpv4-sp-d16 -mfloat-abi=hard -mthumb -o "Core/Startup/startup_stm32f407vgtx.o" "../Core/Startup/startup_stm32f407vgtx.s"
arm-none-eabi-gcc "../Core/Src/freertos.c" -mcpu=cortex-m4 -std=gnu11 -g3 -DDEBUG -DUSE_HAL_DRIVER -DSTM32F407xx -c -I../Core/Inc -I../Drivers/STM32F4xx_HAL_Driver/Inc -I../Drivers/STM32F4xx_HAL_Driver/Inc/Legacy -I../Drivers/CMSIS/Device/ST/STM32F4xx/Include -I../Drivers/CMSIS/Include -I../Middlewares/Third_Party/FreeRTOS/Source/include -I../Middlewares/Third_Party/FreeRTOS/Source/CMSIS_RTOS -I../Middlewares/Third_Party/FreeRTOS/Source/portable/GCC/ARM_CM4F -I"C:/Users/miche/Documents/Repositories/Afstudeerproject/STM32F407/TinyUSB_CDC_Example/STM32F407_tinyUSB-main/Middlewares/Third_Party/tinyusb-0.15.0/src" -I"C:/Users/miche/Documents/Repositories/Afstudeerproject/STM32F407/TinyUSB_CDC_Example/STM32F407_tinyUSB-main/Middlewares/Third_Party/tinyusb-0.15.0/hw" -I"C:/Users/miche/Documents/Repositories/Afstudeerproject/STM32F407/TinyUSB_CDC_Example/STM32F407_tinyUSB-main/Middlewares/Third_Party/tinyusb-0.15.0/hw/bsp/stm32f4/boards/stm32f407disco" -O0 -ffunction-sections -fdata-sections -Wall -fstack-usage -fcyclomatic-complexity -MMD -MP -MF"Core/Src/freertos.d" -MT"Core/Src/freertos.o" --specs=nano.specs -mfpu=fpv4-sp-d16 -mfloat-abi=hard -mthumb -o "Core/Src/freertos.o"
arm-none-eabi-gcc "../Core/Src/freertos_hook.c" -mcpu=cortex-m4 -std=gnu11 -g3 -DDEBUG -DUSE_HAL_DRIVER -DSTM32F407xx -c -I../Core/Inc -I../Drivers/STM32F4xx_HAL_Driver/Inc -I../Drivers/STM32F4xx_HAL_Driver/Inc/Legacy -I../Drivers/CMSIS/Device/ST/STM32F4xx/Include -I../Drivers/CMSIS/Include -I../Middlewares/Third_Party/FreeRTOS/Source/include -I../Middlewares/Third_Party/FreeRTOS/Source/CMSIS_RTOS -I../Middlewares/Third_Party/FreeRTOS/Source/portable/GCC/ARM_CM4F -I"C:/Users/miche/Documents/Repositories/Afstudeerproject/STM32F407/TinyUSB_CDC_Example/STM32F407_tinyUSB-main/Middlewares/Third_Party/tinyusb-0.15.0/src" -I"C:/Users/miche/Documents/Repositories/Afstudeerproject/STM32F407/TinyUSB_CDC_Example/STM32F407_tinyUSB-main/Middlewares/Third_Party/tinyusb-0.15.0/hw" -I"C:/Users/miche/Documents/Repositories/Afstudeerproject/STM32F407/TinyUSB_CDC_Example/STM32F407_tinyUSB-main/Middlewares/Third_Party/tinyusb-0.15.0/hw/bsp/stm32f4/boards/stm32f407disco" -O0 -ffunction-sections -fdata-sections -Wall -fstack-usage -fcyclomatic-complexity -MMD -MP -MF"Core/Src/freertos_hook.d" -MT"Core/Src/freertos_hook.o" --specs=nano.specs -mfpu=fpv4-sp-d16 -mfloat-abi=hard -mthumb -o "Core/Src/freertos_hook.o"
arm-none-eabi-gcc "../Core/Src/main.c" -mcpu=cortex-m4 -std=gnu11 -g3 -DDEBUG -DUSE_HAL_DRIVER -DSTM32F407xx -c -I../Core/Inc -I../Drivers/STM32F4xx_HAL_Driver/Inc -I../Drivers/STM32F4xx_HAL_Driver/Inc/Legacy -I../Drivers/CMSIS/Device/ST/STM32F4xx/Include -I../Drivers/CMSIS/Include -I../Middlewares/Third_Party/FreeRTOS/Source/include -I../Middlewares/Third_Party/FreeRTOS/Source/CMSIS_RTOS -I../Middlewares/Third_Party/FreeRTOS/Source/portable/GCC/ARM_CM4F -I"C:/Users/miche/Documents/Repositories/Afstudeerproject/STM32F407/TinyUSB_CDC_Example/STM32F407_tinyUSB-main/Middlewares/Third_Party/tinyusb-0.15.0/src" -I"C:/Users/miche/Documents/Repositories/Afstudeerproject/STM32F407/TinyUSB_CDC_Example/STM32F407_tinyUSB-main/Middlewares/Third_Party/tinyusb-0.15.0/hw" -I"C:/Users/miche/Documents/Repositories/Afstudeerproject/STM32F407/TinyUSB_CDC_Example/STM32F407_tinyUSB-main/Middlewares/Third_Party/tinyusb-0.15.0/hw/bsp/stm32f4/boards/stm32f407disco" -O0 -ffunction-sections -fdata-sections -Wall -fstack-usage -fcyclomatic-complexity -MMD -MP -MF"Core/Src/main.d" -MT"Core/Src/main.o" --specs=nano.specs -mfpu=fpv4-sp-d16 -mfloat-abi=hard -mthumb -o "Core/Src/main.o"
arm-none-eabi-gcc "../Core/Src/msc_disk.c" -mcpu=cortex-m4 -std=gnu11 -g3 -DDEBUG -DUSE_HAL_DRIVER -DSTM32F407xx -c -I../Core/Inc -I../Drivers/STM32F4xx_HAL_Driver/Inc -I../Drivers/STM32F4xx_HAL_Driver/Inc/Legacy -I../Drivers/CMSIS/Device/ST/STM32F4xx/Include -I../Drivers/CMSIS/Include -I../Middlewares/Third_Party/FreeRTOS/Source/include -I../Middlewares/Third_Party/FreeRTOS/Source/CMSIS_RTOS -I../Middlewares/Third_Party/FreeRTOS/Source/portable/GCC/ARM_CM4F -I"C:/Users/miche/Documents/Repositories/Afstudeerproject/STM32F407/TinyUSB_CDC_Example/STM32F407_tinyUSB-main/Middlewares/Third_Party/tinyusb-0.15.0/src" -I"C:/Users/miche/Documents/Repositories/Afstudeerproject/STM32F407/TinyUSB_CDC_Example/STM32F407_tinyUSB-main/Middlewares/Third_Party/tinyusb-0.15.0/hw" -I"C:/Users/miche/Documents/Repositories/Afstudeerproject/STM32F407/TinyUSB_CDC_Example/STM32F407_tinyUSB-main/Middlewares/Third_Party/tinyusb-0.15.0/hw/bsp/stm32f4/boards/stm32f407disco" -O0 -ffunction-sections -fdata-sections -Wall -fstack-usage -fcyclomatic-complexity -MMD -MP -MF"Core/Src/msc_disk.d" -MT"Core/Src/msc_disk.o" --specs=nano.specs -mfpu=fpv4-sp-d16 -mfloat-abi=hard -mthumb -o "Core/Src/msc_disk.o"
arm-none-eabi-gcc "../Core/Src/stm32f4xx_hal_msp.c" -mcpu=cortex-m4 -std=gnu11 -g3 -DDEBUG -DUSE_HAL_DRIVER -DSTM32F407xx -c -I../Core/Inc -I../Drivers/STM32F4xx_HAL_Driver/Inc -I../Drivers/STM32F4xx_HAL_Driver/Inc/Legacy -I../Drivers/CMSIS/Device/ST/STM32F4xx/Include -I../Drivers/CMSIS/Include -I../Middlewares/Third_Party/FreeRTOS/Source/include -I../Middlewares/Third_Party/FreeRTOS/Source/CMSIS_RTOS -I../Middlewares/Third_Party/FreeRTOS/Source/portable/GCC/ARM_CM4F -I"C:/Users/miche/Documents/Repositories/Afstudeerproject/STM32F407/TinyUSB_CDC_Example/STM32F407_tinyUSB-main/Middlewares/Third_Party/tinyusb-0.15.0/src" -I"C:/Users/miche/Documents/Repositories/Afstudeerproject/STM32F407/TinyUSB_CDC_Example/STM32F407_tinyUSB-main/Middlewares/Third_Party/tinyusb-0.15.0/hw" -I"C:/Users/miche/Documents/Repositories/Afstudeerproject/STM32F407/TinyUSB_CDC_Example/STM32F407_tinyUSB-main/Middlewares/Third_Party/tinyusb-0.15.0/hw/bsp/stm32f4/boards/stm32f407disco" -O0 -ffunction-sections -fdata-sections -Wall -fstack-usage -fcyclomatic-complexity -MMD -MP -MF"Core/Src/stm32f4xx_hal_msp.d" -MT"Core/Src/stm32f4xx_hal_msp.o" --specs=nano.specs -mfpu=fpv4-sp-d16 -mfloat-abi=hard -mthumb -o "Core/Src/stm32f4xx_hal_msp.o"
arm-none-eabi-gcc "../Core/Src/stm32f4xx_hal_timebase_tim.c" -mcpu=cortex-m4 -std=gnu11 -g3 -DDEBUG -DUSE_HAL_DRIVER -DSTM32F407xx -c -I../Core/Inc -I../Drivers/STM32F4xx_HAL_Driver/Inc -I../Drivers/STM32F4xx_HAL_Driver/Inc/Legacy -I../Drivers/CMSIS/Device/ST/STM32F4xx/Include -I../Drivers/CMSIS/Include -I../Middlewares/Third_Party/FreeRTOS/Source/include -I../Middlewares/Third_Party/FreeRTOS/Source/CMSIS_RTOS -I../Middlewares/Third_Party/FreeRTOS/Source/portable/GCC/ARM_CM4F -I"C:/Users/miche/Documents/Repositories/Afstudeerproject/STM32F407/TinyUSB_CDC_Example/STM32F407_tinyUSB-main/Middlewares/Third_Party/tinyusb-0.15.0/src" -I"C:/Users/miche/Documents/Repositories/Afstudeerproject/STM32F407/TinyUSB_CDC_Example/STM32F407_tinyUSB-main/Middlewares/Third_Party/tinyusb-0.15.0/hw" -I"C:/Users/miche/Documents/Repositories/Afstudeerproject/STM32F407/TinyUSB_CDC_Example/STM32F407_tinyUSB-main/Middlewares/Third_Party/tinyusb-0.15.0/hw/bsp/stm32f4/boards/stm32f407disco" -O0 -ffunction-sections -fdata-sections -Wall -fstack-usage -fcyclomatic-complexity -MMD -MP -MF"Core/Src/stm32f4xx_hal_timebase_tim.d" -MT"Core/Src/stm32f4xx_hal_timebase_tim.o" --specs=nano.specs -mfpu=fpv4-sp-d16 -mfloat-abi=hard -mthumb -o "Core/Src/stm32f4xx_hal_timebase_tim.o"
arm-none-eabi-gcc "../Core/Src/stm32f4xx_it.c" -mcpu=cortex-m4 -std=gnu11 -g3 -DDEBUG -DUSE_HAL_DRIVER -DSTM32F407xx -c -I../Core/Inc -I../Drivers/STM32F4xx_HAL_Driver/Inc -I../Drivers/STM32F4xx_HAL_Driver/Inc/Legacy -I../Drivers/CMSIS/Device/ST/STM32F4xx/Include -I../Drivers/CMSIS/Include -I../Middlewares/Third_Party/FreeRTOS/Source/include -I../Middlewares/Third_Party/FreeRTOS/Source/CMSIS_RTOS -I../Middlewares/Third_Party/FreeRTOS/Source/portable/GCC/ARM_CM4F -I"C:/Users/miche/Documents/Repositories/Afstudeerproject/STM32F407/TinyUSB_CDC_Example/STM32F407_tinyUSB-main/Middlewares/Third_Party/tinyusb-0.15.0/src" -I"C:/Users/miche/Documents/Repositories/Afstudeerproject/STM32F407/TinyUSB_CDC_Example/STM32F407_tinyUSB-main/Middlewares/Third_Party/tinyusb-0.15.0/hw" -I"C:/Users/miche/Documents/Repositories/Afstudeerproject/STM32F407/TinyUSB_CDC_Example/STM32F407_tinyUSB-main/Middlewares/Third_Party/tinyusb-0.15.0/hw/bsp/stm32f4/boards/stm32f407disco" -O0 -ffunction-sections -fdata-sections -Wall -fstack-usage -fcyclomatic-complexity -MMD -MP -MF"Core/Src/stm32f4xx_it.d" -MT"Core/Src/stm32f4xx_it.o" --specs=nano.specs -mfpu=fpv4-sp-d16 -mfloat-abi=hard -mthumb -o "Core/Src/stm32f4xx_it.o"
arm-none-eabi-gcc "../Core/Src/syscalls.c" -mcpu=cortex-m4 -std=gnu11 -g3 -DDEBUG -DUSE_HAL_DRIVER -DSTM32F407xx -c -I../Core/Inc -I../Drivers/STM32F4xx_HAL_Driver/Inc -I../Drivers/STM32F4xx_HAL_Driver/Inc/Legacy -I../Drivers/CMSIS/Device/ST/STM32F4xx/Include -I../Drivers/CMSIS/Include -I../Middlewares/Third_Party/FreeRTOS/Source/include -I../Middlewares/Third_Party/FreeRTOS/Source/CMSIS_RTOS -I../Middlewares/Third_Party/FreeRTOS/Source/portable/GCC/ARM_CM4F -I"C:/Users/miche/Documents/Repositories/Afstudeerproject/STM32F407/TinyUSB_CDC_Example/STM32F407_tinyUSB-main/Middlewares/Third_Party/tinyusb-0.15.0/src" -I"C:/Users/miche/Documents/Repositories/Afstudeerproject/STM32F407/TinyUSB_CDC_Example/STM32F407_tinyUSB-main/Middlewares/Third_Party/tinyusb-0.15.0/hw" -I"C:/Users/miche/Documents/Repositories/Afstudeerproject/STM32F407/TinyUSB_CDC_Example/STM32F407_tinyUSB-main/Middlewares/Third_Party/tinyusb-0.15.0/hw/bsp/stm32f4/boards/stm32f407disco" -O0 -ffunction-sections -fdata-sections -Wall -fstack-usage -fcyclomatic-complexity -MMD -MP -MF"Core/Src/syscalls.d" -MT"Core/Src/syscalls.o" --specs=nano.specs -mfpu=fpv4-sp-d16 -mfloat-abi=hard -mthumb -o "Core/Src/syscalls.o"
arm-none-eabi-gcc "../Core/Src/sysmem.c" -mcpu=cortex-m4 -std=gnu11 -g3 -DDEBUG -DUSE_HAL_DRIVER -DSTM32F407xx -c -I../Core/Inc -I../Drivers/STM32F4xx_HAL_Driver/Inc -I../Drivers/STM32F4xx_HAL_Driver/Inc/Legacy -I../Drivers/CMSIS/Device/ST/STM32F4xx/Include -I../Drivers/CMSIS/Include -I../Middlewares/Third_Party/FreeRTOS/Source/include -I../Middlewares/Third_Party/FreeRTOS/Source/CMSIS_RTOS -I../Middlewares/Third_Party/FreeRTOS/Source/portable/GCC/ARM_CM4F -I"C:/Users/miche/Documents/Repositories/Afstudeerproject/STM32F407/TinyUSB_CDC_Example/STM32F407_tinyUSB-main/Middlewares/Third_Party/tinyusb-0.15.0/src" -I"C:/Users/miche/Documents/Repositories/Afstudeerproject/STM32F407/TinyUSB_CDC_Example/STM32F407_tinyUSB-main/Middlewares/Third_Party/tinyusb-0.15.0/hw" -I"C:/Users/miche/Documents/Repositories/Afstudeerproject/STM32F407/TinyUSB_CDC_Example/STM32F407_tinyUSB-main/Middlewares/Third_Party/tinyusb-0.15.0/hw/bsp/stm32f4/boards/stm32f407disco" -O0 -ffunction-sections -fdata-sections -Wall -fstack-usage -fcyclomatic-complexity -MMD -MP -MF"Core/Src/sysmem.d" -MT"Core/Src/sysmem.o" --specs=nano.specs -mfpu=fpv4-sp-d16 -mfloat-abi=hard -mthumb -o "Core/Src/sysmem.o"
arm-none-eabi-gcc "../Core/Src/system_stm32f4xx.c" -mcpu=cortex-m4 -std=gnu11 -g3 -DDEBUG -DUSE_HAL_DRIVER -DSTM32F407xx -c -I../Core/Inc -I../Drivers/STM32F4xx_HAL_Driver/Inc -I../Drivers/STM32F4xx_HAL_Driver/Inc/Legacy -I../Drivers/CMSIS/Device/ST/STM32F4xx/Include -I../Drivers/CMSIS/Include -I../Middlewares/Third_Party/FreeRTOS/Source/include -I../Middlewares/Third_Party/FreeRTOS/Source/CMSIS_RTOS -I../Middlewares/Third_Party/FreeRTOS/Source/portable/GCC/ARM_CM4F -I"C:/Users/miche/Documents/Repositories/Afstudeerproject/STM32F407/TinyUSB_CDC_Example/STM32F407_tinyUSB-main/Middlewares/Third_Party/tinyusb-0.15.0/src" -I"C:/Users/miche/Documents/Repositories/Afstudeerproject/STM32F407/TinyUSB_CDC_Example/STM32F407_tinyUSB-main/Middlewares/Third_Party/tinyusb-0.15.0/hw" -I"C:/Users/miche/Documents/Repositories/Afstudeerproject/STM32F407/TinyUSB_CDC_Example/STM32F407_tinyUSB-main/Middlewares/Third_Party/tinyusb-0.15.0/hw/bsp/stm32f4/boards/stm32f407disco" -O0 -ffunction-sections -fdata-sections -Wall -fstack-usage -fcyclomatic-complexity -MMD -MP -MF"Core/Src/system_stm32f4xx.d" -MT"Core/Src/system_stm32f4xx.o" --specs=nano.specs -mfpu=fpv4-sp-d16 -mfloat-abi=hard -mthumb -o "Core/Src/system_stm32f4xx.o"
arm-none-eabi-gcc "../Core/Src/usb_descriptors.c" -mcpu=cortex-m4 -std=gnu11 -g3 -DDEBUG -DUSE_HAL_DRIVER -DSTM32F407xx -c -I../Core/Inc -I../Drivers/STM32F4xx_HAL_Driver/Inc -I../Drivers/STM32F4xx_HAL_Driver/Inc/Legacy -I../Drivers/CMSIS/Device/ST/STM32F4xx/Include -I../Drivers/CMSIS/Include -I../Middlewares/Third_Party/FreeRTOS/Source/include -I../Middlewares/Third_Party/FreeRTOS/Source/CMSIS_RTOS -I../Middlewares/Third_Party/FreeRTOS/Source/portable/GCC/ARM_CM4F -I"C:/Users/miche/Documents/Repositories/Afstudeerproject/STM32F407/TinyUSB_CDC_Example/STM32F407_tinyUSB-main/Middlewares/Third_Party/tinyusb-0.15.0/src" -I"C:/Users/miche/Documents/Repositories/Afstudeerproject/STM32F407/TinyUSB_CDC_Example/STM32F407_tinyUSB-main/Middlewares/Third_Party/tinyusb-0.15.0/hw" -I"C:/Users/miche/Documents/Repositories/Afstudeerproject/STM32F407/TinyUSB_CDC_Example/STM32F407_tinyUSB-main/Middlewares/Third_Party/tinyusb-0.15.0/hw/bsp/stm32f4/boards/stm32f407disco" -O0 -ffunction-sections -fdata-sections -Wall -fstack-usage -fcyclomatic-complexity -MMD -MP -MF"Core/Src/usb_descriptors.d" -MT"Core/Src/usb_descriptors.o" --specs=nano.specs -mfpu=fpv4-sp-d16 -mfloat-abi=hard -mthumb -o "Core/Src/usb_descriptors.o"
arm-none-eabi-gcc -o "STM32F407_tinyUSB.elf" @"objects.list"   -mcpu=cortex-m4 -T"C:\Users\miche\Documents\Repositories\Afstudeerproject\STM32F407\TinyUSB_CDC_Example\STM32F407_tinyUSB-main\STM32F407VGTX_FLASH.ld" --specs=nosys.specs -Wl,-Map="STM32F407_tinyUSB.map" -Wl,--gc-sections -static --specs=nano.specs -mfpu=fpv4-sp-d16 -mfloat-abi=hard -mthumb -Wl,--start-group -lc -lm -Wl,--end-group
C:/ST/STM32CubeIDE_1.18.0/STM32CubeIDE/plugins/com.st.stm32cube.ide.mcu.externaltools.gnu-tools-for-stm32.13.3.rel1.win32_1.0.0.202411081344/tools/bin/../lib/gcc/arm-none-eabi/13.3.1/../../../../arm-none-eabi/bin/ld.exe: warning: STM32F407_tinyUSB.elf has a LOAD segment with RWX permissions
Finished building target: STM32F407_tinyUSB.elf
 
arm-none-eabi-size  STM32F407_tinyUSB.elf 
arm-none-eabi-objdump -h -S STM32F407_tinyUSB.elf  > "STM32F407_tinyUSB.list"
   text	   data	    bss	    dec	    hex	filename
  40940	    208	  38328	  79476	  13674	STM32F407_tinyUSB.elf
Finished building: default.size.stdout
 
Finished building: STM32F407_tinyUSB.list
 
